1	rྒྱ gar sྐd du/_bi n y bsྟu/_bod sྐd du/_'dul b gzhi/
2	bam po dang po/_dkon mchog gsum l phྱg 'tshal lo/_/gang gis 'ching rྣms yang 
3	dag rab bcad cing /_/mu sྟegs tshogs rྣms thams cad rab bcom sྟe/_/sྡe dang bcas 
4	pa'i bdud rྣms nges bcom nas/_/bྱng chub 'di brྙes de l phྱg 'tshal lo/_/khྱim don che 
5	chung sྤngs te dang po rab 'bྱung dka'/_/rab bྱung thob nas yul sྤྱd dag gis dga' thob dka'/_/
6	mngon dga' ji bzhin don bsྐྱed yang dag bྱed p dka'/_/ngur sྨྲig gos 'chang mkhas p tshul 
7	las nyams p dka'/_/gzhi rྣms kྱi sྤྱi sྡom l/_rab 'bྱung gso sྦྱong gzhi dang ni/_/
8	dgag dbྱe dbྱr dang ko lྤgs gzhi/_/sྨn dang gos dang sྲ brྐྱng dang /_/kau sham bi dang las kྱi gzhi/_/dmar ser can dang gang zag dang /_/sྤo dang gso sྦྱong bzhag p dang /_/gnas 
9	mal dang ni rྩod p dang /_/dge 'dun dbྱen rྣms bsྡus p yin/_/rab tu bྱung ba'i sྤྱi sྡom l/_shA ri'i bu dang mu sྟegs can/_/dge tshul gnyis dang bྱ rog sྐྲod/_/dgྲ bcom bsad dang 
10	lag rྡum gྱi/_/sྡe tshan yang dag bsྡus p yin/_/sྡom l shA ri'i bu dang rab 'bྱung dang /_/bsྙen par rྫogs par gnang b dang /_/nye sྡes tshogs ni bsྡus p dang /_/lྔ pa'i sྡe tshan bsྡus 
11	p yin/_/bྱng chub sems dpa' dga' lྡn gྱi gnas n bzhugs p n/_yul ang g dag n ang ga'i rྒྱl po zhes bྱ bas rྒྱl sྲid 'bྱor p rྒྱs p bde b lo legs p sྐྱe bo dang mi mang pos 
12	gang b bྱed du bcug go/_//yul m g dྷ dag n yang rྒྱl po pad m chen po zhes bྱ bas/_rྒྱl sྲid 'bྱor p rྒྱs p bde b lo legs p sྐྱe bo dang mi mang pos gang b bྱed du bcug go/
13	res 'ga' ni ang ga'i rྒྱl po dpung dang mthu che b yin l/_res 'ga' ni rྒྱl po pad m chen po dpung dang mthu che b yin no/_/gang gi tshe ang ga'i rྒྱl po dpung dang mthu che b de'i tshe n/
14	des dpung gi tshogs yan lag bzhi p/_gླng po che pa'i tshogs dang /_rྟ pa'i tshogs dang /_shing rྟ pa'i tshogs dang /_dpung bu chung gi tshogs go bsྐon te/_yul m g dྷ rྒྱl po'i 
15	khab m gtogs p bcom nas phྱir lྡog par bྱed do/_/gang gi tshe rྒྱl po pad m chen po dpung dang mthu che b de'i tshe n/_des kྱng dpung gi tshogs yan lag bzhi p/_gླng po che pa'i 
16	tshogs dang /_rྟ pa'i tshogs dang /_shing rྟ pa'i tshogs dang /_dpung bu chung gi tshogs go bsྐon te/_yul ang g tsam p m gtogs p bcom nas phྱir lྡog par bྱed do/_/de nas dus gzhan zhig n ang 
17	ga'i rྒྱl po dpung dang mthu che bar gྱur nas des dpung gi tshogs yan lag bzhi p gླng po che pa'i tshogs dang /_rྟ pa'i tshogs dang /_shing rྟ pa'i tshogs dang /_dpung bu chung gi tshogs go bsྐon te yul m 
18	g dྷ gzhom par brྩms p dang /_m g dྷ n gnas pa'i sྐྱe bo'i tshogs kྱis rྒྱl po pad m chen po l lྷ ang ga'i rྒྱl pos dpung gi tshogs yan lag bzhi p gླng po che pa'i tshogs dang /
19	rྟ pa'i tshogs dang /_shing rྟ pa'i tshogs dang /_dpung bu chung gi tshogs go bsྐon te yul m g dྷ 'joms par bgྱid do zhes sྦྲon p dag btang ngo /_/rྒྱl po pad m chen pos kྱng thos nas dpung gi 
20	tshogs yan lag bzhi p gླng po che pa'i tshogs dang /_rྟ pa'i tshogs dang /_shing rྟ pa'i tshogs dang /_dpung bu chung gi tshogs go bsྐon te ang ga'i rྒྱl po dang g.yul sྤྲd pa'i phྱir 'phags so/_/
21	de nas ang ga'i rྒྱl pos rྒྱl po pad m chen po'i gླng po che'i tshogs thams cad phྲogs shing /_rྟ pa'i tshogs dang /_shing rྟ pa'i tshogs dang /_dpung bu chung gi tshogs thams cad kྱng phྲogs so/_/
22	rྒྱl po pad m chen po yang pham p dang /_sྐྲg p dang /_bcom p dang /_gzhan rྒྱl b dang /_rྒྱb kྱis phྱogs par bྱs te/_rྒྱl po'i khab tu zhugs nas sྒo bcad de/_r b dag gi khar sྦྲengs nas 
23	'dug go_ang ga'i rྒྱl pos rྒྱl po pad m chen po l pho ny btang sྟe/_gal te phྱir 'bྱung n de lྟ n legs/_gal te phྱir mi 'bྱung n ji sྟe sྟeng gi nam mkha' l 'gྲo n ni mda' brྒྱud pas 
24	khྱod lྟung bar bྱ'o/_/ji sྟe sa'i 'og tu 'gྲo n ni mchil p dang dྲng ba'i tshul gྱis dྲng bar bྱ'o/_/ji sྟe ri'i rྩe mor 'dzeg n ni der yang khྱod thar p med do zhes sྤྲing ngo /_/rྒྱl po pad m 
25	chen pos phྲin yig gླgs nas de mi bde bar gྱur te/_lag p l 'gྲm p gtad nas sems khong su chud cing 'dug 'dug nas des bླon po rྣms l sྨྲs p/_shes lྡn dag ang ga'i rྒྱl po 
26	'di ni gdug p/_ph rol gnon p/_dpung dang mthu che bar gྱur l/_des yu bu cag l 'di dang 'di sྐd ces sྤྲing n/_de l yu bu cag gis ji lྟr bsྒྲub par bྱ/_de dag gis tshigs su bcad p 
27	sྨྲs p/_yul dang sྲog l gnod gྱur n/_/sྐྱes bus kun du sྲog bsྲung bྱ/_/bླo yis gnyis k dpྱd bྱs n/_/yul ni yang rྙed sྲog rྣms min/_/lྷ rྣm p thams cad du sླr 
28	'bྱung bar bgྱi'o/_/de ral gྲi mgul du thogs te phྱir bྱung b dang /_ang ga'i rྒྱl pos de l lo thang dang bca' phab sྟe de nyid du bzhag go_/gang gi tshe bcom lྡn 'das bྱng chub sems 
29	dpa' dga' lྡn gྱi gnas n bzhugs pas gzigs p lྔ po dag l gzigs nas 'dod p n sྤྱod pa'i lྷ dྲug po dag l lan gsum bsྒo b mdzad de/_gླng po che lྟr sྣng bar bsྒྱur te/
30	yum gྱi lྷums su zhugs p de'i tshe n s chen po shin tu g.yos par gྱur cing 'jig rྟen 'di thams cad kྱng sum bcu rྩ gsum pa'i lྷ rྣms kྱi kh dog gi mthu bas lྷg pa'i sྣng b rྒྱ chen pos khྱb 
31	par gྱur cing /_'jig rྟen gྱi 'jig rྟen gྱi bar gang n nyi m dang zླ b 'di lྟr rྫu 'phྲul che b/_'di lྟr mthu che b 'di gnyis kྱi 'od dag nyams su mi mྱong ba'i mun p mun gnag mun par bྱed 
32	pas/_gnag par gྱur p gang dag yin p de dag kྱng de'i tshe n sྣng b rྒྱ chen pos khྱb par gྱur nas/_sems can gang dag der sྐྱes p dag gis rang gi lag p brྐྱng b yang mi mthong b de dag gis 
33	kྱng 'od des sems can gcig gis gcig mthong nas shes lྡn dag sems can gzhan yang 'dir sྐྱes so/_/shes lྡn dag sems can gzhan yang 'dir sྐྱes so zhes shes par gྱur to/_/gang gi tshe 
34	bcom lྡn 'das bྱng chub sems dpa' blྟms p de'i tshe n gྲong khྱer chen po bzhi po dag tu rྒྱl po chen po bzhi dag gi bu yang btsas par gྱur te/_rྒྱl po'i khab tu rྒྱl po pad m chen po'i bu btsas so/_/
35	mnyan yod du ni rྒྱl po rྩibs kྱis 'phur tshangs bྱin gྱi bu btsas so/_/'phags rྒྱl du ni rྒྱl po mu khྱud mtha' yas kྱi bu btsas so/_/kau sham bir ni rྒྱl po dmag brྒྱ pa'i bu btsas so/_/bcom lྡn 
36	'das bྱng chub sems dpa' blྟm p n 'jig rྟen thams cad sum bcu rྩ gsum pa'i lྷ rྣms kྱi kh dog gi mthu bas lྷg pa'i sྣng b rྒྱ chen pos khྱb par gྱur cing 'jig rྟen gྱi 'jig rྟen gྱi bar 
37	gang n nyi m dang zླ b 'di lྟr rྫu 'phྲul che b/_'di lྟr mthu che b 'di gnyis kྱi 'od dag nyams su mi mྱong ba'i mun p mun gnag mun par bྱed pas gnag par gྱur p gang dag yin p de dag kྱng de'i tshe n 
38	sྣng b rྒྱ chen pos khྱb par gྱur nas/_sems can gang dag der sྐྱes p dag gis rang gi lag p brྐྱng b yang mi mthong b de dag gis kྱng 'od des sems can gcig gis gcig mthong nas shes lྡn dag 
39	sems can gzhan yang 'dir sྐྱes so/_/shes lྡn dag sems can gzhan yang 'dir sྐྱes so zhes shes par gྱur to/_/rྒྱl po pad m chen pos bsams p/_bdag gi bu btsas p n 'jig rྟen nyi ma'i 
40	gzugs shar b lྟr sྣng zhing 'di btsun mo gzugs can gྱi bu yin pas gzhon nu 'di'i ming gzugs can sྙing por gdags so sྙm nas bu de'i ming gzugs can sྙing po zhes bྱ bar btags 
41	so/_/rྒྱl po rྩibs kྱis 'phur tshangs bྱin gྱis bsams p/_bdag gi bu btsas p n 'jig rྟen gsal b gsal b lྟr sྣng bas gzhon nu 'di'i ming gsal rྒྱl du gdags so sྙm nas bu de'i 
42	ming gsal rྒྱl zhes bྱ bar btags so/_/rྒྱl po dmag brྒྱ pas bsams p/_bdag gi bu btsas p n 'jig rྟen nyi m shar b lྟr sྣng bar gྱur pas gzhon nu 'di'i ming shar bar gdags so sྙm 
43	nas bu de'i ming shar b zhes bྱ bar btags so/_/rྒྱl po mu khྱud mtha' yas kྱis bsams p/_bdag gi bu btsas p n 'jig rྟen rab tu sྣng bas sྣng bar gྱur pas gzhon nu 'di'i ming rab sྣng 
44	zhes bྱ bar gdags so sྙm nas bu de'i ming rab sྣng zhes bྱ bar btags so/_/rྒྱl po re res bsams p yang bdag gi bu 'di'i mthu yin no/_/bdag gi bu 'di'i mthu yin no sྙm mod kྱi/_de ni de lྟ 
45	m yin te/_'di lྟr de dag thams cad ni bྱng chub sems dpa'i mthu yin pa'i phྱir ro/_/gang gi nyin mo gzhon nu gzugs can sྙing po btsas p de nyid kྱi nyin mo bླon po lྔ brྒྱ dag gi bu lྔ brྒྱ yang 
46	btsas te/_de dag kྱng rigs dang mthun par ming btags so/_/gzhon nu gzugs can sྙing po m m brྒྱd po pang n 'tsho ba'i m m gnyis dang /_nu m sྣun pa'i m m gnyis dang /_dྲi m 'phྱi ba'i m 
47	m gnyis dang /_rྩen gྲogs kྱi m m gnyis l rྗes su gtad do/_/de m m brྒྱd po dag gis 'o m dang /_zho dang /_mar dang /_zhun mar dang /_mar gྱi sྙing khu dang /_gzhan yang yo bྱd kྱi bྱe bྲg 
48	gtso bo gtso bo dag gis sྲing bar bྱed/_sྐྱed par bྱed cing rྫing n gnas pa'i pad m bzhin mྱur du sྐྱed par bྱed do/_/de gang gi tshe chen por gྱur p de'i tshe yi ge dang /_gྲngs dang /_rྩis dang /_lag rྩis 
49	dang /_dbྱung b dang /_gzhag p dang /_gzhag p l nye bar zhugs nas/_de yi ge'i mthar phྱin cing 'bྱed p dang /_kླog p dang /_mkhas p dang /_sྤྱod p gsal b dang /_brྟg p brྒྱd po 'di lྟ 
50	sྟe/_rin po che brྟg p dang /_gzhi brྟg p dang /_gos brྟg p dang /_shing brྟg p dang /_gླng po che brྟg p dang /_rྟ brྟg p dang /_bud med brྟg p dang /_sྐྱes p brྟg p l mkhas 
51	par gྱur to/_/rྒྱl po rྒྱl rigs sྤྱi bor dbang bsྐur b lྗongs kྱi dbang phྱug mthu dang brྩon 'gྲus thob p/_s chen po'i dkྱil 'khor mngon par rྒྱl bar bྱs te gnas p rྣms kྱi bzo'i 
52	gnas dang /_las kྱi gnas th dad par gྱur p gang dag yin p 'di lྟ sྟe/_gླng po che'i gnyar bzhon p dang /_rྟ bzhon p dang /_shing rྟ'i thabs dang /_ral gྲi'i thabs dang /_'phong dang /_phྱir bsྣur 
53	b dang /_mdun du bsྣur b dang /_lྕgs kྱi bsྒྱur thabs dang /_zhags p gdab p dang /_mda' bo che 'phen thabs dang /_'dzin sྟngs dang /_gom sྟngs dang /_thor tshugs dang /_gcad p dang /
54	dྲl b dang /_dbug p dang /_gnas lྔ po 'di lྟ sྟe/_rྒྱng nas 'phog p dang /_sྒྲ gྲgs par 'phog p dang /_gand du 'phog p dang /_mi 'chor bar 'phog p dang /_tshabs che b de dag l yang 
55	zhugs shing bྱng bar gྱur to/_/bླon po'i bu lྔ brྒྱ po de dag kྱng bzo'i gnas dang /_las kྱi gnas dag l bྱng bar gྱur to/_/de phas bzo sྦྱng b bcྭ brྒྱd po dag l bcug nas de'i ming 
56	bzo sྦྱngs gzugs can sྙing po/_/bzo sྦྱngs gzugs can sྙing po zhes bྱ bar gྱur to/_/de nas dus gzhan zhig n gzhon nu gzugs can sྙing po gླng po che l zhon te lྗongs su bྱung b 
57	dang /_des ang ga'i rྒྱl po'i zho shas 'tsho b dag lo thang dang dpྱ sྡud p mthong nas/_des sྨྲs p/_shes lྡn dag lo thang dang dpྱ sྡud p 'di dag su'i yin/_de dag gis sྨྲs p/_lྷ ang ga'i 
58	rྒྱl po'i lags so/_/des sྨྲs p/_ci yu bu cag de l lo thang 'bul b yin nam/_de dag gis sྨྲs p/_lྷ lo thang 'bul b lags so/_/des sྨྲs p/_shes lྡn dag zho shas 'tsho b 
59	de dag bos shig__/de dag gis bos p dang /_des sྨྲs p/_shes lྡn dag de yang rྒྱl po rྒྱl rigs sྤྱi bor dbang bsྐur b yin l/_nged kྱng rྒྱl po rྒྱl rigs sྤྱi bor dbang bsྐur b 
60	yin n/_ci'i phྱir khྱed cag lo thang dang dpྱ sྡud par bྱed/_deng l phྱin chad lo thang dang dpྱ m sྡud cig__/de dag gis bsams p/_gzhon nu 'di ni rྒྱus mi shes p yin pas bdag cag rྒྱl po padྨ 
61	chen po'i gan du 'dong zhing song nas bsྙd par bྱ'o sྙm nas/_de dag rྒྱl po pad m chen po'i gan du song sྟe phྱin nas sྨྲs p/_lྷ bdag cag ang ga'i rྒྱl po'i zho shas 'tsho b lo thang dang dpྱ sྡud 
62	p n gzhon nu gzugs can sྙing pos bkag n/_ci bsྡu bar 'tshal lam/_'on te sླr mchi bar 'tshal/_des sྨྲs p/_shes lྡn dag gzhon nu de ni rྒྱus mi shes p yin pas khྱed cag sྔon ji lྟr 
63	lo thang dang dpྱ sྡud p de bzhin du sྡus shig__/de dag gis yang bsྡu bar brྩms te/_de dag 'ongs nas phྱir lྡog p gzhon nu gzugs can sྙing pos mthong nas sྨྲs p/_shes lྡn dag ngas 
64	khྱed l phྱin chad lo thang dang dpྱ m sྡud cig ces m bzླog gam/_ci'i phྱir yang khྱed lo thang dang dpྱ sྡud/_gal te re zhig 'khod n de lྟ n legs/_gal te mi 'khod n mtshams chen po gcad par 
65	bྱ'o/_/de dag sྐྲg nas bsams p/_gzhon nu 'di ni gdug p ph rol gnon p yin pas bdag cag l gnod p bྱed par 'gྱur b gang yin p de lྟ bu'i gnas yod par 'gྱur gྱis/_bdag cag 
66	ang ga'i rྒྱl po'i gan du dong sྟe sྦྲn par bྱ'o sྙm nas de dag ang ga'i rྒྱl po'i gan du dong sྟe phྱin nas sྨྲs p/_lྷ bdag cag lྷ'i zho shas 'tsho b lags te/_bdag cag lྷ'i lo thang dang dpྱ 
67	sྡud p n rྒྱl po pad m chen po'i bu gzhon nu gzugs can sྙing po des bzླog lags n/_d gal te lྷs btang sྙoms mdzad n sླd kྱis gnod p chen po bgྱid par 'gྱur b gang lags p de lྟ bu'i 
68	gnas mchis par 'gྱur ro/_/tshigs su bcad p yang sྨྲs p/_ji sྲid shing ni gzhon pa'i tshe/_/sen mo dag gis gcad nus p/_/de nyid chen por sྐྱes p n/_/sྟ re brྒྱs kྱng gcad par dka'/_/
69	ang ga'i rྒྱl pos rྒྱl po pad m chen po l gzhon nu gzugs can sྙing po mgul p nas thogs l tshur bkྲi b'am/_yang n rྩྭ dang chas sྟ gon gྱis shig dang /_ng nyid 'o nir 'ong ngo zhes phྲin yig 
70	sྤྲing ngo /_/rྒྱl po pad m chen pos phྲin yig gླgs nas de mi bde bar gྱur te lag p 'gྲm p l gtad nas sems khongs su chud cing 'dug 'dug nas/_des gzhon nu gzugs can sྙing po bos nas 
71	sྨྲs p/_ci'i phྱir khྱod kྱis ang ga'i rྒྱl po'i zho shas 'tsho b dag lo thang dang dpྱ sྡud p zླog__/des khྲos te ng l 'di dang 'di sྐd ces sྤྲing ngo /_/des sྨྲs p/_lྷ ci sྐol de l lo thang 'bul b 
72	lags sam/_bu lo thang 'bul b yin no/_/des sྨྲs p/_lྷ de yang rྒྱl po rྒྱl rigs sྤྱi bor dbang bsྐur b lags l/_sྐol kྱng rྒྱl po rྒྱl rigs sྤྱi bor dbang bsྐur b lags 
73	n/_ci'i sླd du sྐol de l lo thang dang dpྱ 'bul/_lྷs bdag l dpung gi tshogs yan lag bzhi p sྩl b 'ba' zhig mdzod cig dang /_bdag gis ang ga'i rྒྱl po dang lྷn cig g.yul ngor g.yul 
74	sྤྲd par bgྱi'o/_/de nas rྒྱl po pad m chen pos ang ga'i rྒྱl po l khྱod kྱi mthu dang /_dpung dang /_brྩon 'gྲus dang /_ph rol gnon p gang dag yin p de dag thams cad m nyams par gྱis shig 
75	ces phྲin yig sྤྲing ngo /_/ang ga'i rྒྱl pos thos nas mi bzod p sྐྱes te bླon po rྣms l sྨྲs p/_shes lྡn dag de'i yul 'khor gzhom par bྱs/_dpung gi tshogs yan lag bzhi p go sྐon cig_/
76	des dpung gi tshogs yan lag bzhi p gླng po che pa'i tshogs dang /_rྟ pa'i tshogs dang /_shing rྟ pa'i tshogs dang /_dpung bu chung gi tshogs go bsྐon te yul m g dྷ gzhom par brྩms p dang /
77	m g dྷ n gnas pa'i sྐྱe bo'i tshogs kྱis rྒྱl po pad m chen po l lྷ ang ga'i rྒྱl po 'di dpung gi tshogs yan lag bzhi p gླng po che pa'i tshogs dang /_rྟ pa'i tshogs dang /_shing rྟ pa'i tshogs dang /
78	dpung bu chung gi tshogs go bsྐon te yul m g dྷ 'joms par bgྱid do zhes sྦྲon p dag btang ngo /_/rྒྱl po pad m chen pos thos nas de mi bde bar gྱur te lag p 'gྲm p l gtad nas sems khongs 
79	su chud cing 'dug 'dug nas/_des gzhon nu gzugs can sྙing po bos te/_de l dpung gi tshogs yan lag bzhi p bྱin no/_/gzhon nu gzugs can sྙing pos bླon po'i bu lྔ brྒྱ bsྡus te sྨྲs p/
80	shes lྡn dag ng ni ang ga'i rྒྱl po dang lྷn cig g.yul ngor g.yul sྤྲod par bྱed n shes lྡn dag ci bྱed/_de dag gis sྨྲs p/_gzhon nu khྱod kྱi gnas sྐbs gang lags p de bdag cag gi yang lags 
81	so/_/des tshigs su bcad p sྨྲs p/_mi gang l ni khྱim dpal gnas/_/de ni kun gྱis yongs bsྲung bྱ/_/de nyams n ni kun nyams te/_/lྟe b chag pas rྩibs rྣms bzhin/_/d khྱed kྱis 
82	kun nas yongs su bsྲung bar bྱ'o/_/de dag gis sྨྲs p/_lྷ'i gnas sྐbs gang lags p de bdag cag gi yang lags l/_lྷ'i zhabs gang n b de n bdag cag gi mgo mchis so/_/de nas 
83	des dpung gi tshogs yan lag bzhi p go bsྐon te/_rྒྱl po'i khab nas bྱung ngo /_/rྒྱl po pad m chen po sྟeng gi khang bzangs kྱi gzhir gtogs p n bླon po'i tshogs kྱis bsྐor cing 'dug p des de 
84	bྱung b mthong nas des bླon po rྣms l sྨྲs p/_shes lྡn dag dmag 'di su'i yin/_de dag gis sྨྲs p/_lྷ gzhon nu gzugs can sྙing po'i lags so/_/des sྨྲs p/_shes lྡn dag e 
85	m 'di dmag mang po dang lྡn no zhes sྨྲs pas/_de'i ming dmag lྡn gzugs can sྙing po/_dmag lྡn gzugs can sྙing po zhes bྱ bar gྱur to/_/de n kh cig gis ni bzo sྦྱngs gzugs can sྙing po zhes bྱ 
86	bar shes so/_/kh cig gis ni dmag lྡn gzugs can sྙing po zhes bྱ bar shes so/_/gzhon nu gzugs can sྙing pos bླon po'i bu lྔ brྒྱ po dag l sྨྲs p/_shes lྡn dag ang ga'i rྒྱl po 'di 
87	ni gdug p ph rol gnon p dpung dang mthu che bar gྱur p yin pas yu bu cag gis 'di dang lྷn cig g.yul sྤྲd par ni mi nus kྱis/_'di lྟr de bag yangs su go phud pa'i phྲu m brྫi zhing bzhabs 
88	te gsad par bྱ'o/_/de dag gis de bag yangs su go phud pa'i phྲu m brྫis nas de dag gis ang ga'i rྒྱl po bzhabs te bsad do/_/ang ga'i rྒྱl po'i dpung gi tshogs yan lag bzhi p phྱogs 
89	bzhir bྱer b dang /_gzhon nu gzugs can sྙing pos phྱogs bzhir pho ny rྟ p dag bkྱe sྟe/_shes lྡn dag de yang rྒྱl po rྒྱl rigs sྦྱi bor dbang bsྐur b yin l/_nged kྱng rྒྱl po rྒྱl rigs sྤྱi bor dbang bsྐur 
90	b yin gྱis phྱir log shig dang /_shes lྡn dag ngas shes lྡn dag l 'tsho ba'i rྒྱu sྦྱin par bྱ'o zhes sྤྲing b dang de dag phྱir log go_/de nas ang ga'i rྒྱl pos gྲong khྱer tsam p bsྲung b bzhag 
91	p des ang ga'i rྒྱl po ji lྟr bsad p thos nas des sྒo bcad de r b dag gi khar sྦྲengs nas 'dug go_/gzhon nu gzugs can sྙing po yang mthar gྱis gྲong khྱer tsam par phྱin nas des shing ring po l 
92	ang ga'i rྒྱl po'i mgo btags te bsྟn nas sྨྲs p/_ngas khྱod kྱi jo bo gang yin p de gnas sྐbs 'di lྟ bur bྱs kྱis/_gal te je phྱir 'bྱung n de lྟ n legs/_gal te phྱir mi 'bྱung 
93	n khྱod kྱng gnas sྐbs 'di lྟ bur bྱs par 'gྱur b gang yin p de lྟ bu'i gnas yod par 'gྱur ro/_/des thos nas mi bde bar gྱur te/_des bsams p/_yul dang sྲog l gnod gྱur n/_/
94	sྐྱes bus kun du sྲog bsྲung bྱ/_/bླo yis gnyis k dpྱd bྱs n/_/yul ni yang rྙed sྲog rྣms min/_/sྙm nas de ral gྲi mgul du thogs te phྱir bྱung ngo /_/de n gzhon nu gzugs can 
95	sྙing pos ang ga'i rྒྱl po bsad de gྲong khྱer tsam p rang gi lag tu thob nas des rྒྱl po pad m chen po l lྷ bdag gis ang ga'i rྒྱl po bkum sྟe gྲong khྱer tsam p rang gi sug par 
96	thob lags n/_lྷ yongs su m gྲub p gzhan ci mchis bka' sྩol cig dang yongs su bsྒྲub par bgྱi'o zhes phྲin yig sྤྲing ngo /_/de mgu nas des de l gdugs dang /_cod pan dang /_thod bsྐur te/
97	bu khྱod kྱis 'o ni nyid du rྒྱl sྲid bྱed du chug shig__/ngas kྱng 'di nyid du rྒྱl sྲid bྱed du gzhug go zhes sྤྲing ngo /_/de nas gzhon nu gzugs can sྙing pos yul ang g dag tu rྒྱl sྲid 'bྱor p rྒྱs 
98	p bde b lo legs p sྐྱe bo dang mi mang pos gang b bྱed du bcug go/_dus gzhan zhig n rྒྱl po pad m chen po dus l bab nas rྒྱl po'i khab kྱi bླon po rྣms kྱis rྒྱl po gzugs can sྙing po 
99	l lྷ khྱod kྱi yab dus l bab bo zhes sྤྲing nas/_de ang g dang m g dྷ pa'i bླon po rྣms kྱis rྒྱl sྲid l dbang bsྐur b chen pos dbang bsྐur to/_/de nas rྒྱl po gzugs can sྙing pos 
100	yul ang g dang m g dྷ dag tu rྒྱl sྲid 'bྱor p/_rྒྱs p/_bde b/_lo legs p/_sྐྱe bo dang mi mang pos gang b/_thab mo dang /_th b dang /_phྱi dgྲ dang /_nang 'khྲug rab tu zhi b/_chom rྐun 
101	dang /_mu ge dang /_nad dang bྲl b/_s lu dang /_bu ram shing gi phྲeng b dang /_b lang dang /_m he phun sum tshogs p bྱed du bcug sྟe/_chos dang lྡn p chos kྱi rྒྱl pos chos kྱi rྒྱl sྲid bྱed du bcug go_/
102	de nas bྲm ze'i khྱe'u gsang tshig 'dod p gsang tshig tshol b zhig yul dbus nas lྷo phྱogs su song ngo /_/de n bྲm ze rig bྱed dang rig bྱed kྱi yan lag gi ph rol du son p yul th dad p n 
103	gnas pa'i bྲm ze rྣms kྱi sྟon par gྱur p zhig 'dug nas/_bྲm ze'i khྱe'u de bྲm ze de'i dྲung du song sྟe phྱin nas zhi b dang sྤྱod lam zhi bas mgo bos phྱg 'tshal te phྱogs gcig tu 'dug go/
104	de nas bྲm ze des bྲm ze'i khྱe'u de l 'ongs p legs so zhes bྱ ba'i tshig gis kun du sྤྱd nas sྨྲs p/_kྱe bྲm ze'i khྱe'u khྱod g las 'ongs ci zhig 'dod/_bྲm ze'i khྱe'us sྨྲs p/
105	bdag yul dbus nas mchis te/_mkhan po'i zhabs l sྲi zhu bgྱid par 'tshal lo/_/ci zhig gi phྱir/_rig bྱed bkླg pa'i sླd du'o/_/bu legs kྱis de bzhin du gྱis shig__/de ni bྲm zes bྱ b yin no/_/
106	bྲm ze'i khྱe'u des bྲm ze de'i dྲung du rig bྱed bkླg par bྱ bar brྩms so/_/bྲm ze'i khྱe'u rྣms kྱi kun du sྤྱod p ni 'di yin te/_gang gi tshe mi kླog par gྱur p de'i tshe n lan 'ga' ni chu ngogs su nye 
107	reg bྱed du 'dong ngo /_/lan 'ga' ni gྲong khྱer lྟr 'dong ngo /_/lan 'ga' ni yam sྲeg shing thur 'dong ngo/_/ji tsam dus gzhan zhig n de dag mi kླog par gྱur nas de'i tshe de dag yam sྲeg shing thur dong b 
108	dang /_de dag l lam gྱi bar du bar sྐbs kྱi gtam brྗod p 'di lྟ bu 'di bྱung sྟe/_kྱe kud sa'i bu dag__/bad sa'i bu dag__/shan di li'i bu dag__/b r dྭ dza'i bu dag_/lྔ pa'i bu dag__/nye lྔ'i bu dag__/
109	je khྱed cag las gang ni yul g las 'ongs p dྲi bar bྱ'o/_/de n bྲm ze'i khྱe'u gcig gis sྨྲs p/_kho bo ni yul shar nas so/_/gzhan zhig gis sྨྲs p/_kho bo ni lྷo phྱogs nas so/_/
110	yang gzhan zhig gis sྨྲs p/_kho bo ni nub phྱogs nas so/_/yang gzhan zhig gis sྨྲs p/_kho bo ni bྱng phྱogs nas so/_/bྲm ze'i khྱe'u des sྨྲs p/_kho bo ni yul dbus nas so/_/de dag 
111	gis sྨྲs p/_shes lྡn dag bdag cag gis yul thams cad mthong zhing thos n yul dbus ni m mthong m thos so/_/shar n bླo can gnas p sྟe/_/lྷo phྱogs n ni g.yon bྱed 'dug_/
112	nub kྱi yul n phྲ m can/_/bྱng phྱogs n ni tshig rྩub po/_/zhes tshigs su bcad p yang sྨྲs so/_/de nas dྲis p/_bྲm ze'i khྱe'u yul dbus ci 'dྲ/_shes lྡn dag yul dbus ni yul rྣms kྱi 
113	mchog yin te/_s lu dang /_bu ram shing gi phྲeng b dang /_b lang dang /_m he phun sum tshogs p/_sླongs mo p brྒྱs khྱb p/_dbus pa'i sྐྱe bos gang b/_mtha' 'khob pa'i sྐྱe bos sྤngs p 
114	sྐྱe bo mkhas pas bsྟen p/_de n chu kླung gang gA kh rྗe dang /_bsod nams dang /_bkྲ shis dang /_gtsang b dang /_gtsang b nyid kྱi gnas su gྲgs p/_'gྲm gnyis nas rླn 'phྱo b/_dྲng sྲong rྣm 
115	kྱi bsྟi gnas zhes bྱ b chu dgur bcྭ brྒྱd 'bab p yod de/_der dྲng sྲong rྣms kྱis dka' thub sྤྱd n rang gi lus nyid kྱis mtho ris su 'dong b yin no/_/kྱe bྲm ze'i khྱe'u de ni mjal gྱis 
116	gzhan 'di 'dྲi'o/_/yul dbus n mkhas par bgྲng b dag yod dam/_shes lྡn dag kho bos dang po nyid nas shes lྡn dag yul dbus ni dbus pa'i sྐྱe bos gang b/_mtha' 'khob 
117	pa'i sྐྱe bos sྤngs p/_sྐྱe bo mkhas pas bsྟen pa'o zhes m sྨྲs sam/_bྲm ze'i khྱe'u khྱod kྱis de sྐd sྨྲs so/_/bྲm ze'i khྱe'u yul dbus n 'di lྟ sྟe dper n bdag cag gi 
118	mkhan po dang 'dྲ b sྨྲ ba'i khྱu mchog de lྟ bu dag yod dam/_shes lྡn dag yul dbus n bdag cag gi mkhan pos gang dag gi gdong du lྟ bar yang mi nus p/_sྙn par sྨྲ b/_sྨྲ ba'i 
119	khྱu mchog de lྟ bu dag yod do/_/bྲm ze'i khྱe'u des de dag l de lྟ de lྟr yul dbus kྱi bsྔgs p brྗod p dang /_'di lྟr de dag thams cad yul dbus su 'dong 'dod par gྱur to/_/
120	de nas bྲm ze'i khྱe'u de dag yam sྲeg shing dag btsal te/_yam sྲeg shing gi khur thogs nas bྲm ze'i khྱim g l b der dong sྟe phྱin nas yam sྲeg shing gi khur dag mtha' gcig tu bzhag sྟe 
121	bྲm ze de g l b der dong nas phྱin p dang /_bྲm ze de l 'di sྐd ces sྨྲs so/_/mkhan po mkhྱen par mdzod cig__/bྲm ze'i khྱe'u 'dis ci nas kྱng bdag cag thams cad yul dbus su mchi 'tshal 
122	bar gྱur p de lྟr yul dbus kྱi bsྔgs p brྗod do/_/bྲm ze des sྨྲs p/_bu dag ji sྙed thos p de sྙed bgྲod par bྱ b yin nam/_'di lྟr yul dag ni thos n dga' bar 'gྱur b yin pas mnyan par bྱ'i 
123	bgྲod par ni mi bྱ'o/_/mkhan po bྲm ze'i khྱe'u 'di'i mchid nas yul dbus n bdag cag gi mkhan pos gang dag gi gdong du lྟ bar yang mi nus p/_sྙn par sྨྲ b/_sྨྲ ba'i khྱu mchog de lྟ bu dag 
124	mchis so zhes mchi'o/_/bu dag ci kho bo n re sa'i sྟeng n kho bo gcig pu kho n sྨྲ b yin gྱi/_sྨྲ b gzhan 'ga' yang med do zhes zer ram/_s ni rin po che mang po 'dzin p yin pas s gzhi ni mdzes p mdzes p 
125	dag gis gang b yin no/_/mkhan po re zhig yul de yang mthong bar 'gྱur zhing chu ngogs su nye reg kྱng bgྱi/_sྨྲ ba'i khྱu mchog de dag l yang bsྙen bkur bgྱi/_rྒol b dag kྱng tshar gcad par bgྱi/_rang gi gྲgs 
126	p yang bsྒྲg par bgྱi/_rྙed p yang bsྒྲub par bgྱi/_bdag cag yul dbus su mchi'o/_/bྲm ze de sླob m l rྗes su chags p dang bcas p dang /_'khor nyung b yin pas des bྲm ze'i khྱe'u de dag l 'di sྐd 
127	ces sྨྲs so/_/bu dag gal te de lྟ n g.yang gzhi dag dang /_shing shun dag dang /_dbྱu gu dag dang /_bླugs gzar dag dang /_dgang gzar dag dang /_ril b dag long zhig dang yul dbus su 'dong ngo /_/de dag gis 
128	de dag bླngs nas bྲm ze de bྲm ze'i khྱe'u de dag dang lྷn cig yul dbus su 'phags p dang /_des rྒol b kh cig ni tshar bcad de rྒol ba'i shing rྟ l sྦྱor bar bྱed/_kh cig ni mgor thal ba'i bum p dag gis bsྣun/
129	kh cig ni 'phong gi dpong sar khྭ bzhin du thag ring po nas yongs su sྤong bar bྱed/_kh cig ni gdugs dang /_rྒྱl mtshan dang /_b dan dag gis bsu bar bྱed/_kh cig ni sླob m nyid du khas len par bྱed cing de mthar gྱi gྲong dang /
130	gྲong khྱer dang /_gྲong rྡl dang /_dbྱe tshongs dang /_tshong rྡl dag tu rྒol b 'dul zhing rྒྱl po'i khab tu phྱin to/_/bྲm ze des bsams p/_bdag gis ci'i phྱir rྩ b sྤngs te yal g dang /_'dab m dang /_lo m l 
131	nyug par bྱ/_rྒol b gang dag dang /_mkhas par bgྲng b gang ji sྙed p de dag thams cad kྱng rྒྱl po dang nye b yin gྱis/_bdag kྱng rྒྱl po'i gan du 'gྲo'o sྙm nas bྲm ze de rྒྱl po gzugs can sྙing 
132	po g l b der song sྟe phྱin nas rྒྱl po gzugs can sྙing po l rྒྱl b dang tshe sྤel b bྱs te phྱogs gcig tu 'dug go/_/phྱogs gcig tu 'dug nas rྒྱl po gzugs can sྙing po l 'di sྐd ces sྨྲs 
133	so/_/lྷ bdag l bླ m las yi ge nyung shas shig bླngs p mchis te/_de'i sླd du lྷ'i sྤྱn sྔr rྒol b dag dang lྷn cig bka' mchid rྣm par gtan l dbab par 'tshal lo/_/rྒྱl pos bླon po rྣms 
134	l sྨྲs p/_shes lྡn dag nga'i yul n bྲm ze 'di dang lྷn cig gtam rྣm par gtan l 'bebs par bྱed pa'i rྒol b 'ga' yod dam/_bླon po rྣms kྱis sྨྲs p/_lྷ gྲong n l d n bྲm ze gnas len gྱi bu 
135	zhes bgྱi b rig bྱed dang rig bྱed kྱi yan lag gi ph rol tu mchis p zhugs lྟ bu'i shes pas rang gi sྨྲ b gsal bar bgྱid/_gzhan gྱi sྨྲ b tshar gcod par rྔo thog p zhig mchis te/_des bsྟn bcos 
136	gnas len gྱi bu zhes bgྱi b nye bar sྦྱr to/_/mkhan po gnas len gྱi bu de bos shig__/lྷ bod par bgྱi'o zhes de dag gis de bos nas de rྒྱl po gzugs can sྙing po g l b der song sྟe phྱin nas rྒྱl po 
137	gzugs can sྙing po l rྒྱl b dang tshe sྤel b bྱs te phྱogs gcig tu 'dug p dang /_bླon po rྣms kྱis sྨྲs p/_lྷ mkhan po de 'di lags so/_/rྒྱl pos 'ongs p legs so zhes bྱ ba'i tshig gis kun du sྤྱd 
138	de sྨྲs p/_mkhan po khྱod kho bo'i mdun du bྲm ze 'di dang lྷn cig gtam rྣm par gtan l dbab par bྱed nus sam/_gnas len gྱi bus sྨྲs p/_bdag gis rྔo thog pas rྒྱl po dgྱes par bgྱi'o/_/
139	rྒྱl pos bླon po rྣms l bsྒo b/_shes lྡn dag rྒol ba'i dkྱil 'khor shoms shig__/phྱogs dang gzhan gྱi phྱogs dag rྣm par zhog shig__/bླon po rྣms kྱis rྒol ba'i dkྱil 'khor bshams 
140	shing phྱogs dang gzhan gྱi phྱogs dag rྣm par bzhag go_/de nas bླon po rྣm kྱis rྒྱl po'i rྐng p gnyis l phྱg 'tshal te sྨྲs p/_lྷ phྱogs sྔ m gang bgྱid du sྩl/_rྒྱl pos sྨྲs p/
141	_bྲm ze 'di 'gྲon p yin gྱis 'di phྱogs sྔ m bྱed du chug shig_/bྲm ze de phྱogs sྔ m bྱed du bcug nas des rྒྱud chags lྔ brྒྱ bzླs so/_/gnas len gྱi bus phྱir bzླs te/_khྱod kྱi 'di ni rigs 
142	p med p yin no/_/'di ni mi mthun p yin no/_/'di ni mi 'thad p yin no zhes sྐྱon btags p dang bྲm ze de cang mi sྨྲ bar 'dug go_/tshar gcad pa'i gnas rྣms kྱi nang n 'di lྟ sྟe lan l sྦobs p med 
143	p 'di ni th chad yin no/_/rྒྱl pos bླon po rྣms l sྨྲs p/_shes lྡn dag su rྒྱl/_lྷ mkhan po gnas len gྱi bu'o/_/de nas rྒྱl po yid dga' zhing yid dga' nas ro sྟod bsྲng sྟe 
144	lag p g.yas p brྐྱng nas bdag gi yul n sྨྲ ba'i khྱu mchog 'di lྟ bu dag yod p ni bdag gis rྙed p legs par rྙed do zhes ched du brྗod p ched du brྗod nas sྨྲs p/_mkhan po khྱod gnas gang n gnas/
145	gnas len gྱi bus sྨྲs p/_lྷ gྲong n l d na'o/_/khྱod song l gྲong de khྱod kྱis rྒol ba'i longs sྤྱod gྱis shig__/gnas len gྱi bu rangs p dang dga' b dang mchog tu dga' bar gྱur nas sྐྱe bo mkhas p 
146	rྣms kྱis yongs su bsྐor te/_gྲong der song ngo /_/'jig rྟen ni 'bྱor b 'dod cing rྒud p l m dad p yin pas de l bྲm ze du m zhig gis bu mo chung mar len du bcug p dang /_de nas gnas len gྱi bu des rigs 
147	mnyam p las chung m bླngs te/_de de dang lྷn cig rྩe bar bྱed/_dga' bar bྱed/_dga' mgur sྤྱod par bྱed do/_/rྩe bar bྱed/_dga' bar bྱed/_dga' mgur sྤྱod par bྱed p de'i chung m l bu ro sྟod ring b ring 
148	b zhig btsas nas de'i nye du dag 'dus shing lྷgs nas nyi m bdun gsum nyi shu rྩ gcig tu btsas pa'i btsas sྟon rྒྱ cher bྱs te/_khྱe'u'i ming cir gdags zhes ming 'dogs par bྱed do/_/nye du rྣms 
149	kྱis sྨྲs p/_khྱe'u 'di ro sྟod ring b ring bar gྱur pas khྱe'u 'di'i ming sྟod rings su gdags so zhes de'i ming sྟod rings su btags so/_/bྲm ze'i khྱe'u sྟod rings m m brྒྱd po pang n 'tsho ba'i m m 
150	gnyis dang /_nu m sྣun pa'i m m gnyis dang /_dྲi m 'phྱi ba'i m m gnyis dang /_rྩen gྲogs kྱi m m gnyis l rྗes su gtad do/_/de m m brྒྱd po dag gis 'o m dang /_zho dang /_mar dang /_zhun mar dang /
151	mar gྱi sྙing khu dang /_gzhan yang yo bྱd kྱi bྱe bྲg gtso bo gtso bo dag gis sྲing bar bྱed/_sྐྱed par bྱed cing rྫing n gnas pa'i pad m bzhin mྱur du sྐྱed par bྱed do/_/de gang gi tshe chen por gྱur p de'i tshe 
152	yi ge dang /_gྲngs dang /_rྩis dang /_lag rྩis dang /_dbྱung b dang /_gzhug p dang /_gzhag p dang /_'bྱed p dang /_kླog pa'i ph rol tu son cing /_de'i tshe n bྲm ze'i sྤྱod tshul dang /_sྤྱod p dang /_gtsang sྦྲ 
153	dang /_kun tu sྤྱod p dang /_thal b bླng b dang /_bྱ m bum bླng b dang /_s bླng b dang /_lag sྟngs dang /_thor tshugs dang /_rab bsྔgs bྱ b dang /_kྱe zhes bྱ b dang /_nges brྗod kྱi rig bྱed dang /_mchod sྦྱin gྱi 
154	rig bྱed dang /_sྙn tshig gi rig bྱed dang /_sྲid bsྲung gi rig bྱed dang /_bྲm ze'i las dྲug po mchod sྦྱin bྱed p dang /_mchod sྦྱin bྱed du 'jug p dang /_kླog p dang /_kླog tu 'jug p dang /_sྦྱin p dang /_len p l 
155	mkhas pa'i bྲm ze rig bྱed dang /_rig bྱed kྱi yan lag gi ph rol tu son p me lྟ bu'i shes pas rang gi sྨྲ b gsal bar bྱed p/_gzhan gྱi sྨྲ b tshar gcod par bྱed nus par gྱur to/_/yang de rྩe bar bྱed/
156	dga' bar bྱed/_dga' mgur sྤྱod par bྱed pa'i chung m l bu mo mig gnyis bྱ sh ri k 'dྲ b zhig btsas nas de'i nye du dag 'dus shing lྷgs nas nyi m bdun gsum nyi shu gcig tu btsas pa'i btsas 
157	sྟon rྒྱ cher bྱs te/_bu mo'i ming cir gdags shes ming 'dogs par bྱed do/_/nye du rྣms kྱis sྨྲs p/_bu mo 'di'i mig gnyis bྱ sh ri k 'dྲ bas bu mo 'di'i ming sh ri kar gdags so zhes de'i 
158	ming sh ri kar btags so/_/bu mo sh ri k bsྲings shing bsྐྱed de chen mor gྱur to/_/des yig 'bྲu'i yi ge l nye bar sྦྱr nas des yig 'bྲu'i yi ge dag lobs so/_/dus gzhan zhig n bྲm ze'i 
159	khྱe'u sྟod rings sh ri k dang lྷn cig 'gྱed par bྱed p n sh ri kas de tshar bcad nas/_phas sྟod rings l sྨྲs p/_bu khྱod sྐྱes p yin n bud med kྱis tshar bcad dam/_ng 'das nas rྒol ba'i 
160	longs sྤྱod dag phྲogs par 'gྱur ro/_/de nas yang bྲm ze'i khྱe'u gsang tshig 'dod p gsang tshig tshol b zhig yul dbus nas lྷo phྱogs su song ngo /_/de n bྲm ze sྐr rྒྱl zhes bྱ b 'jig rྟen rྒྱng pan 
161	l mkhas p/_rig bྱed dang rig bྱed kྱi yan lag gi ph rol tu son p yul th dad p n gnas pa'i bྲm ze rྣms kྱi sྟon par gྱur p zhig 'dug nas/_bྲm ze'i khྱe'u de bྲm ze de'i dྲung du song sྟe phྱin nas/
162	zhi b dang sྤྱod lam zhi bas mgo bos phྱg 'tshal te phྱogs gcig tu 'dug go/_/de nas bྲm ze sྐr rྒྱl gྱis bྲm ze'i khྱe'u de l 'ongs p legs so zhes bྱ ba'i tshig gis kun tu sྤྱd nas sྨྲs 
163	p/_kྱe bྲm ze'i khྱe'u khྱod g las 'ongs p ci zhig 'dod/_bྲm ze'i khྱe'us sྨྲs p/_bdag yul dbus nas mchis te/_mkhan po'i zhabs l sྲi zhu bgྱid par 'tshal lo/_/ci zhig gi phྱir/_'jig 
164	rྟen rྒྱng pan gzung ba'i sླd du'o/_/bྲm ze'i khྱe'u legs kྱis de bzhin gྱis shig__/de ni bྲm zes bྱ b yin no/_/bྲm ze'i khྱe'u des bྲm ze sྐr rྒྱl gྱi dྲung du 'jig rྟen rྒྱng pan gzung bar brྩms so/_/
165	bྲm ze'i khྱe'u rྣms kྱi kun du sྤྱod p ni 'di yin te/_gang gi tshe mi kླog par gྱur p de'i tshe n lan 'ga' ni chu'i ngogs su nye reg bྱed du 'dong ngo /_/lan 'ga' ni gྲong khྱer lྟr 'dong ngo /_lan 'ga' 
166	ni yam sྲeg shing thur 'dong ngo /_/ji tsam dus gzhan zhig n de dag mi kླog par gྱur nas de'i tshe de dag yam sྲeg shing thur dong b dang /_de dag l lam gྱi bar du bar sྐbs kྱi gtam brྗod p 'di lྟ bu 'di 
167	dag bྱung sྟe/_kྱe kud sa'i bu dag__/bad sa'i bu dag__/shan di la'i bu dag__/b r dྭ dza'i bu dag__/lྔ pa'i bu dag__/nye lྔ pa'i bu dag je khྱed cag las gang ni yul g las 'ongs p dྲi bar bྱ'o/_/
168	de n bྲm ze'i khྱe'u gcig gis sྨྲs p/_kho bo ni yul shar nas so/_/gzhan zhig gis sྨྲs p/_kho bo ni lྷo phྱogs nas so/_/yang gzhan zhig gis sྨྲs p/_kho bo ni nub phྱogs nas so/_/
169	yang gzhan zhig gis sྨྲs p/_kho bo ni bྱng phྱogs nas so/_/bྲm ze'i khྱe'u des sྨྲs p/_kho bo ni yul dbus nas so/_/de dag gis sྨྲs p/_shes lྡn dag bdag cag gis yul thams cad mthong zhing 
170	thos n yul dbus ni m mthong m thos so/_/shar n bླo can gnas p sྟe/_/lྷo phྱogs n ni g.yon bྱed 'dug__/nub kྱi yul n phྲ m can/_/bྱng phྱogs n ni tshig rྩub po/_/zhes tshigs su bcad p yang sྨྲs so/_/
171	de nas dྲis p/_bྲm ze'i khྱe'u yul dbus ci 'dྲ/_shes lྡn dag yul dbus ni yul rྣms kྱi mchog yin te/_s lu dang /_bu ram shing gi phྲeng b dang /_b lang dang /_m he phun sum tshogs p/_sླongs mo 
172	p brྒྱs khྱb p/_dbus pa'i sྐྱe bos gang b/_mtha' 'khob pa'i sྐྱe bos sྤngs p/_sྐྱe bo mkhas pas bsྟen p/_de n chu kླung gang gA kh rྗe dang /_bsod nams dang /_bkྲ shis dang /_gtsang b dang /
173	gtsang b nyid kྱi gnas su gྲgs p/_'gྲm gnyis nas rླn 'phྱo b/_dྲng sྲong rྣms kྱi bsྟi gnas shes bྱ b chu dgur bcྭ brྒྱd 'bab p yod de/_der dྲng sྲong rྣms kྱi dka' thub sྤྱd n rang gi lus nyid 
174	kྱis mtho ris su 'dong b yin no/_/kྱe bྲm ze'i khྱe'u de ni mjal gྱis gzhan 'di 'dྲi'o/_/yul dbus n mkhas par bgྲng b dag yod dam/_shes lྡn dag kho bos dang po nyid nas shes lྡn dag_/
175	yul dbus ni dbus pa'i sྐྱe bos gang b/_mtha' 'khob pa'i sྐྱe bos sྤngs p/_sྐྱe bo mkhas pas bsྟen pa'o zhes m sྨྲs sam/_bྲm ze'i khྱe'u khྱod kྱis de sྐd sྨྲs so/_/bྲm ze'i 
176	khྱe'u yul dbus n 'di lྟ sྟe dper n/_bdag cag gi mkhan po dang 'dྲ b sྨྲ ba'i khྱu mchog de lྟ bu dag yod dam/_shes lྡn dag yul dbus n bdag cag gi mkhan pos gang dag gi gdong du lྟ bar yang 
177	mi nus p sྙn par sྨྲ b/_sྨྲ ba'i khྱu mchog de lྟ bu dag yod do/_/bྲm ze'i khྱe'u des de dag l de lྟ de lྟr yul dbus kྱi bsྔgs p brྗod p dang /_'di lྟr de dag thams cad yul dbus su 
178	'dong 'dod par gྱur to/_/de nas bྲm ze'i khྱe'u de dag gis yam sྲeg shing dag btsal te/_yam sྲeg shing gi khur thogs nas bྲm ze de'i khྱim g l b der dong sྟe phྱin nas yam sྲeg shing gi 
179	khur mtha' gcig tu bzhag sྟe/_bྲm ze de g l b der dong nas phྱin p dang /_bྲm ze de l 'di sྐd ces sྨྲs so/_/mkhan po mkhྱen par mdzod cig__/bྲm ze'i khྱe'u 'dis ci nas kྱng bdag 
180	cag thams cad yul dbus su mchi 'tshal bar gྱur p de lྟr yul dbus kྱi bsྔgs p brྗod do/_/bྲm ze sྐr rྒྱl gྱis sྨྲs p/_bu dag ji sྙed thos p de sྙed bgྲod par bྱ b yin nam/_'di lྟr 
181	yul dag ni thos n dga' bar 'gྱur b yin pas mnyan par bྱ'i bgྲod par ni mi bྱ'o/_/mkhan po bྲm ze'i khྱe'u 'di'i mchid nas yul dbus n bdag cag gi mkhan pos gang dag gi gdong du lྟ 
182	bar yang mi nus p/_sྙn par sྨྲ b/_sྨྲ ba'i khྱu mchog de lྟ bu dag mchis so zhes mchi'o/_/bu dag ci kho bo n re sa'i sྟeng n kho bo gcig pu sྨྲ b kho n yin gྱi sྨྲ b gzhan 'ga' yang med do zhes zer 
183	ram/_s ni rin po che mang po 'dzin p yin pas s gzhi ni mdzes p mdzes p dag gis gang b yin no/_/mkhan po re zhig yul de yang mthong bar 'gྱur zhing chu ngogs su nye rig kྱng bgྱi/_sྨྲ ba'i 
184	khྱu mchog de dag l yang bsྙen bkur bgྱi/_rྒol b dag kྱng tshar gcad par bgྱi/_rang gi gྲgs p yang bsྒྲg par bgྱi/_rྙed p yang bsྒྲub par bgྱis/_bdag cag yul dbus su mchi'o/_/
185	bྲm ze de sླob m l rྗes su chags p dang bcas p dang /_'khor nyung b yin pas des bྲm ze'i khྱe'u de dag l 'di sྐd ces sྨྲs so/_/bu dag gal te de lྟ n g.yang gzhi dag dang /_shing shun dag dang /_dbྱu gu 
186	dag dang /_bླugs gzar dag dang /_dgang gzar dag dang /_ril b dag long shig dang yul dbus su 'dong ngo /_/de dag gis de dag bླngs nas bྲm ze de bྲm ze'i khྱe'u de dag dang lྷn cig yul dbus su 'phags p 
187	dang /_des rྒol b kh cig ni tshar bcad de rྒol ba'i shing rྟ l sྦྱor bar bྱed/_kh cig ni mgor thal ba'i bum p dag gis bsྣun/_kh cig ni 'phong gi dpong sar khྭ bzhin du thag ring po nas yongs su sྤong bar bྱed/
188	_kh cig ni gdugs dang /_rྒྱl mtshan dang /_b dan dag gis bsu bar bྱed/_kh cig ni sླob m nyid du khas len par bྱed cing de mthar gྱis gྲong dang /_gྲong khྱer dang /_gྲong rྡl dang /_dbྱe tshongs dang /_tshong rྡl dag tu 
189	rྒol b 'dul zhing rྒྱl po'i khab tu phྱin to/_/bྲm ze sྐr rྒྱl gྱis bsams p/_bdag gis ci'i phྱir rྩ b sྤngs te yal g dang /_'dab m dang /_lo m l nyug par bྱ/_rྒol b gang dag dang /_mkhas 
190	par bgྲng b gang ji sྙed p de dag thams cad kྱng rྒྱl po dang nye b yin gྱis/_bdag kྱng rྒྱl po'i gan du 'gྲo'o sྙm nas bྲm ze sྐr rྒྱl rྒྱl po gzugs can sྙing po g l b der song sྟe phྱin nas/
191	rྒྱl po gzugs can sྙing po l rྒྱl b dang tshe sྤel b bྱs te phྱogs gcig tu 'dug go/_/phྱogs gcig tu 'dug nas rྒྱl po gzugs can sྙing po l 'di sྐd ces sྨྲs so/_/lྷ bdag l bླ m 
192	las yi ge nyung shas shig bླngs p mchis te/_de'i sླd du lྷ'i sྤྱn sྔr rྒol b dag dang lྷn cig bka' mchid rྣm par gtan l dbab par 'tshal lo/_/rྒྱl pos bླon po rྣms l sྨྲs p/_shes lྡn 
193	dag mkhan po gnas len gྱi bu de gang n 'dug__/lྷ gྲong n l d na'o/_/mkhan po gnas len gྱi bu de bos shig__/lྷ bod par bgྱi'o zhes de dag gis de bos nas de rྒྱl po gzugs can sྙing po g l b der 
194	song sྟe phྱin nas/_rྒྱl po gzugs can sྙing po l rྒྱl b dang tshe sྤel b bྱs te phྱogs gcig tu 'dug p dang bླon po rྣms kྱis sྨྲs p/_lྷ mkhan po de 'di lags so/_/rྒྱl pos 'ongs p legs so/_/
195	zhes bྱ ba'i tshig gis kun du sྤྱd de sྨྲs p/_mkhan po khྱod kho bo'i mdun du bྲm ze sྐr rྒྱl dang lྷn cig gtam rྣm par gtan l dbab p bྱed nus sam/_gnas len gྱi bus sྨྲs p/_bdag gis rྔo 
196	thog gis rྒྱl po dgྱes par bgྱi'o/_/rྒྱl pos bླon po rྣms l bsྒo b/_shes lྡn dag rྒol ba'i dkྱil 'khor shoms shig__/phྱogs dang gzhan gྱi phྱogs dag rྣm par zhog shig__/bླon po rྣms 
197	kྱis rྒol ba'i dkྱil 'khor bshams shing phྱogs dang gzhan gྱi phྱogs dag rྣm par bzhag go/_/de nas bླon po rྣms kྱis rྒྱl po'i rྐng p gnyis l phྱg 'tshal te sྨྲs p/_lྷ phྱogs sྔ m gang bgྱid 
198	du sྩl/_rྒྱl pos sྨྲs p/_bྲm ze sྐr rྒྱl 'di 'gྲon p yin gྱis/_'di phྱogs sྔ m bྱed du chug shig__/bྲm ze sྐr rྒྱl gྱis sྨྲs p/_lྷ bྲm ze gnas len gྱi bu 'di rྒn p lags pas 'di 
199	phྱogs sྔ m bgྱid du sྩl bar gsol/_bྲm ze gnas len gྱi bus bsams p/_bྲm ze sྐr rྒྱl 'di gzhung gsar l bྱed p gsal bas bdag gis 'di dang lྷn cig sྨྲ bar mi nus kྱis/
200	je 'di dang lྷn cig tshig 'gྲed p zhig bྱ'o sྙm nas des rྒྱud chags lྔ brྒྱ bzླs so/_/bྲm ze sྐr rྒྱl gྱis phྱir bzླs te/_khྱod kྱi 'di ni rigs p med p yin no/_/'di ni mi mthun p yin no/_/
201	'di ni mi 'thad p yin no zhes sྐྱon btags p dang /_bྲm ze gnas len gྱi bu cang mi sྨྲ bar 'dug go_/tshar bcad pa'i gnas rྣms kྱi nang n 'di lྟ sྟe lan l sྤobs p med p 'di ni th chad yin no/_/rྒྱl pos 
202	bླon po rྣms l sྨྲs p/_shes lྡn dag su rྒྱl/_bྲm ze sྐr rྒྱl rྒྱl lo/_/shes lྡn dag bྲm ze sྐr rྒྱl l rྒol ba'i longs sྤྱod bྱin cig_/de dag gis sྨྲs p/_lྷ gal te sྐol gྱis rྒol b 
203	mchis shing lྷgs dgu l rྒol ba'i longs sྤྱod sྩl bar gྱur n ring po mi thogs par sྐol gྱi yul ang g dang m g dྷ dag rྒol ba'i longs sྤྱod du 'gྱur bas/_'di lྟr gྲong n l d 'di nyid rྒol 
204	ba'i longs sྤྱod kྱi b dan du bgྱis l bྲm ze gnas len gྱi bu las phྲogs te/_bྲm ze 'di l sྩl cing 'di bas kྱng ches rྒྱl b gzhan 'ga' zhig mchis n yang sྐol gྱis de l sྩl bar bgྱi'o/_/
205	rྒྱl pos sྨྲs p/_shes lྡn dag de bzhin gྱis shig__/de dag gis de gnas len gྱi bu las phྲogs te bྲm ze sྐr rྒྱl l bྱin no/_/gnas len gྱi bus bsams p/_bdag gis rྒྱl po 'di l phan 
206	mang du btags n rྒྱl po 'dis bdag rྗes su m bsྲungs kྱis/_bdag gzhan du 'gྲo'o sྙm nas des chung m l sྨྲs p/_bzang mo kho bos rྒྱl po 'di l phan mang du btags n rྒྱl po 'dis kho bo 
207	rྗes su m bsྲungs kྱis kho bo gzhan du 'gྲos khྱim gྱi so nam dag sྡus shig__/des khྱim gྱi so nam dag bsྡu bar brྩms p dang /_de'i nye du dag gis mkhan po gnas len gྱi bu gzhan du 'gྲo'o/_/
208	zhes thos nas de dag de'i gan du song sྟe phྱin nas sྨྲs p/_mkhan po ci'i sླd du khྱim gྱi so nam dag sྡud/_des sྨྲs p/_shes lྡn dag kho bos rྒྱl po 'di l phan mang du btags n rྒྱl po 'dis kho bo rྗes 
209	su m bsྲungs kྱis kho bo gzhan du 'gྲo'o/_/de dag gis sྨྲs p/_mkhan po khྱod gzhan du m bzhud par re zhig nye du'i nang 'di nyid du bde bar bzhugs shig__/des tshigs su bcad p sྨྲs p/_mi ni gzhan gྱi 
210	yul n gnas bླ yi/_/rang gi yul n zil gnon gnas p min/_/de nyid rang yul de n gnyen yang yod/_/bྲm ze sྐr rྒྱl gྱis mkhan po gnas len gྱi bu gzhan du 'gྲo'o zhes thos nas de de'i gan du song sྟe 
211	phྱin nas sྨྲs p/_bdag ni bླo bur du 'ongs p yin pas ring po mi thogs p kho nar 'gྲo sྟe/_'di khྱod nyid kྱi rྒol ba'i longs sྤྱod du 'gྱur gྱis gzhan du m 'gྲo bar 'dug shig__/des sྨྲs p/
212	bྲm ze'i khྱe'u 'gྲo'o/_/mkhan po gal te de lྟ n gྲong 'di phྱed khྱod sྣoms shig__/phྱed bdag 'tshal lo/_/bྲm ze gnas len gྱi bus bsams p/_bdag gis rྒྱl po 'di l phan mang du btags 
213	n rྒྱl po 'dis bdag rྗes su m bsྲungs te/_'di lྟr bྲm ze sྐr rྒྱl 'dis bdag l 'di lྟ sྟe/_longs sྤྱod dag gis longs sྤྱod kྱi bgo bsha' bྱs p ni phan mang du btags p yin gྱis/
214	'di l sh ri k de chung ma'i don du sྦྱin no sྙm nas des chung m l sྨྲs p/_bzang mo kho bos rྒྱl po 'di l phan mang du btags n rྒྱl po 'dis kho bo rྗes su m bsྲungs te/_'di lྟr bྲm ze sྐr rྒྱl 
215	'dis kho bo l 'di lྟ sྟe/_longs sྤྱod dag gis longs sྦྱod kྱi bgo bsha' bྱs p ni phan mang du btags p yin gྱis/_'di l sh ri k de chung ma'i don du sྦྱin no/_/des sྨྲs p/_bྲm ze'i 
216	khྱe'u sྟod rings l dྲi'o/_/de gnyis kྱis de bos te sྨྲs p/_bu bdag cag gis rྒྱl po 'di l phan mang du btags n rྒྱl po 'dis bdag cag rྗes su m bsྲungs te/_'di lྟr bྲm ze sྐr rྒྱl 
217	'dis bdag cag l 'di lྟ sྟe/_longs sྤྱod dag gis longs sྤྱod kྱi bgo bsha' bྱs p ni phan mang du btags p yin gྱis/_'di l sh ri k de chung ma'i don du sྦྱin par bྱ'o/_/des sྨྲs p/_yab yum 
218	de lྟr dgྲ bo l mdza' bshes su bgྱis n 'di lྟ sྟe/_des longs sྤྱod rྣms las nyams par bgྱid pa'am/_thams cad kྱi thams cad du sྲog dang 'bྲl bar bgྱid par yang 'gྱur l/_des bdag cag 
219	longs sྤྱod dag las nyams par bgྱis n/_ci'i sླd du sྐol gྱis 'di l sh ri k mchis bྲng gi don du sྩl bar bgྱi/_de gnyis kྱis sྨྲs p/_bླun po khྱod ci shes zhes de gnyis kྱis de'i tshig 
220	tshig m yin par bྱs te sh ri k bྲm ze sྐr rྒྱl l chung ma'i don du bྱin no/_/des de dpal gྱi 'bྱor p chen pos bag mar bླngs so/_/bྲm ze'i khྱe'u sྟod rings kྱis bsams p/_'di dag gis bdag 
221	brྙs par gྱur p gang yin p de thams cad ni thos p nyung b las gྱur p yin no sྙm nas/_'di lྟr bྲm ze sྐr rྒྱl ci zhig shes sྙm n/_'jig rྟen rྒྱng pan shes so sྙm nas des sྨྲs p/
222	shes lྡn dag 'jig rྟen rྒྱng pan shes p g l yod/_lྷo phྱogs na'o/_/de 'jig rྟen rྒྱng pan gྱi don du lྷo phྱogs su 'phags nas de mthar gྱis lྷo phྱogs su phྱin p dang /_de der song sྟe dྲis 
223	p/_shes lྡn dag 'jig rྟen rྒྱng pan shes p su dag yin/_kun du rྒྱu dag go/_de de dag gi gan du song sྟe phྱin nas sྨྲs p/_bdag shes lྡn dag gi zhabs l sྲi zhu bgྱid par 'tshal lo/_/
224	ci zhig gi phྱir/_'jig rྟen rྒྱng pan gzung ba'i sླd du'o/_/de dag gis sྨྲs p/__kho bo cag ni khྱim p l 'jig rྟen rྒྱng pan mi sྟon to/_/des sྨྲs p/_gal te de lྟ n rab tu 'bྱung ngo /_/de dag gis de 
225	rab tu phྱung nas des bdag gis ji sྲid du 'jig rྟen rྒྱng pan m bzung b de sྲid du bdag gis sen mo mi gcad do zhes des sen mo ring po ring por bzhag nas de'i sen mo ring b ring bar gྱur pas de'i ming kun du 
226	rྒྱu sen rings kun du rྒྱu sen rings shes bྱ bar gྱur to/_/sh ri k yang bྲm ze sྐr rྒྱl dang lྷn cig 'gྱed par bྱed p n sྐr rྒྱl gྱis de tshar bcad do/_/bྲm ze sྐr rྒྱl sh ri k dang lྷn cig rྩe bar bྱed/
227	dga' bar bྱed/_dga' mgur sྤྱod par bྱed p n sems can sྲid p th m p sྤྱod p tshol b/_thar pa'i sྙing po bzung b/_mྱ ngan las 'das p l phྱogs p/_'khor b las phྱir phྱogs p/_sྲid pa'i 
228	'gྲo b thams cad du 'chi 'pho dang sྐྱe b don du mi gnyer b/_lus th m 'dzin p zhig kྱng lྷ'i ris bzang po zhig nas shi 'phos te sh ri ka'i mngal du zhugs so/_/sh ri kas rྨi lam du mi lag n 
229	sྒྲon m thogs p zhig gis bdag gi dku dྲl te zhugs shing bdag ri chen po'i sྤo l 'dzeg go/_bdag sྟeng gi nam mkha' l 'gྲo'o/_/bdag l sྐྱe bo phal po che'i tshogs phྱg 'tshal lo 
230	zhes zer b rྨis so/_/rྨis nas des bྲm ze sྐr rྒྱl l sྨྲs p/_bdag gis rྨi lam 'di dang 'di lྟ bu zhig rྨis so/_/'di lྟr bྲm ze sྐr rྒྱl nyid rྨi lྟs kྱi dpྱd l mkhas p yin mod kྱi 
231	des bྲm ze rྨi lྟs kྱi dpྱd 'don p gzhan dag l sྨྲs p/_bdag gi bྲm ze mos rྨi lam 'di dang 'di lྟ bu zhig rྨis n ci l lྟ/_de dag gis sྨྲs p/_mkhan po g.yar lam de bzang sྟe/
232	mi lag n sྒྲon m thogs p zhig gis bdag gi dku dྲl te zhugs shes mchi b ni bu btsa' bar 'gྱur zhing des lo brྒྱd gnyis kྱis dbang po'i brྡ sྤྲod p bkླgs nas rྒol b thams cad tshar 
233	gcod par 'gྱur b l lྟ'o/_/bdag ri chen po'i sྤo l 'dzeg go/_/bdag sྟeng gi nam mkha' l 'gྲo'o/_/bdag l sྐྱe bo phal po che'i tshogs phྱg 'tshal lo zhes mchi b gang lags p ni rab 
234	tu bྱung nas brྟul zhugs gྲub pa'i bdag nyid chen por 'gྱur b l lྟ'o/_/dus gzhan zhig n bྲm ze sྐr rྒྱl sh ri k dang lྷn cig 'gྱed par bྱed p n sh ri kas de tshar bcad nas/_des 
235	bsams p/_sྔon bdag gis 'di tshar bcad n d 'dis bdag tshar bcad pa'i sྦྱor b gang yin sྙm nas des bsams p/_de ni 'di'i mthu m yin gྱi/_'di lྟr 'di'i mngal du sems can 
236	zhugs p gang yin p de'i mthu yin no sྙm mo/_/de nas zླ b brྒྱd dam dgu 'das te khྱe'u gzugs bzang b/_blྟ n sྡug p/_mdzes p/_gsal b/_gser gྱi mdog 'dྲ b/_mgo 
237	gdugs lྟ bu dang lྡn p/_lag p ring b/_'phྲl ba'i dbྱes che b/_sྨin m 'jar b/_sྣ'i bzangs mtho b zhig btsas so/_/btsas nas des bྲm ze sྐr rྒྱl l sྨྲs p/_bྲm ze'i khྱe'u 'di 
238	mes po'i gan du phul n de 'di'i ming 'dogs par 'gྱur ro/_/des mes po'i gan du khྲid p dang des khྱe'u'i ming cir gdags shes bsams n/_bྲm ze'i khྱe'u 'di bྲm ze sྐr rྒྱl gྱi bu yin 
239	pas bྲm ze'i khྱe'u 'di'i ming nye rྒྱl du gdags so sྙm nas de'i ming nye rྒྱl zhes bྱ bar btags so/_/bྲm ze sྐr rྒྱl gྱis sྨྲs p/_mes pos bྲm ze'i khྱe'u 'di'i ming cir btags 
240	nye rྒྱl zhes bྱ bar btags so/_/des bsams p/_mes pos bྲm ze'i khྱe'u 'di'i ming ph las dྲs te btags kྱis/_bdag gis 'di'i ming m las dྲs te gdags so sྙm nas bྲm ze'i khྱe'u 
241	'di m sh ri ka'i bu yin pas 'di'i ming shA ri'i bur gdags so sྙm nas de'i ming shA ri'i bu zhes bྱ bar btags so/_/de n kh cig gis ni bྲm ze'i khྱe'u shA ri'i bu zhes bྱ bar shes so/_/kh cig gis ni 
242	bྲm ze'i khྱe'u nye rྒྱl zhes bྱ bar shes so/_/bྲm ze'i khྱe'u nye rྒྱl m m brྒྱd po pang n 'tsho ba'i m m gnyis dang /_nu m sྣun pa'i m m gnyis dang /_dྲi m 'phྱi ba'i m m gnyis dang /_rྩen gྲogs kྱi m m 
243	gnyis l rྗes su gtad do/_/de m m brྒྱd po dag gis 'o m dang /_zho dang mar dang /_zhun mar dang /_mar gྱi sྙing khu dang /_gzhan yang yo bྱd kྱi bྱe bྲg gtso bo gtso bo dag gis sྲing bar bྱed/_sྐྱed par bྱed cing rྫing n 
244	gnas pa'i pad m bzhin mྱur du sྐྱed par bྱed do/_/de gang gi tshe chen po gྱur p de'i tshe yi ge dang /_gྲngs dang /_rྩis dang /_lag rྩis dang /_dbྱung b dang /_gzhug p dang /_gzhag p dang /_'bྱed p dang /_kླog pa'i 
245	ph rol du son cing /_de'i tshe n bྲm ze'i sྤྱod tshul dang /_sྤྱod p dang /_gtsang sྦྲ dang /_kun tu sྤྱod p dang /_thal b bླng b dang /_bྱ m bum bླng b dang /_s bླng b dang /_lag sྟngs dang /_thor tshugs dang /_rab bsྔgs 
246	bྱ b dang /_kྱe zhes bྱ b dang /_nges brྗod kྱi rig bྱed dang /_mchod sྦྱin gྱi rig bྱed dang /_sྙn tshig gi rig bྱed dang /_sྲid sྲung gi rig bྱed dang /_bྲm ze'i las dྲug po mchod sྦྱin bྱed p dang /_mchod sྦྱin bྱed du 'jug 
247	p dang /_kླog p dang /_kླog tu 'jug p dang /_sྦྱin p dang /_len p l mkhas pa'i bྲm ze rig bྱed dang rig bྱed kྱi yan lag gi ph rol du son p/_me lྟ bu'i shes pas rang gi sྨྲ b gsal bar bྱed p/
248	gzhan gྱi sྨྲ b tshar gcod nus par gྱur to/_/des phas rig pa'i gnas thams cad sླob du bcug nas des lo brྒྱd gnyis kྱis dbang po'i brྡ sྤྲod p bླgs nas rྒol b thams cad tshar bcad par gྱur 
249	to/_/de dus gzhan zhig n ph dang lྷn cig rig bྱed 'don par bྱed p n sྨྲs p/_yab sྨྲs p 'di'i don ci lags/_bu kho bos kྱng sྨྲs p 'di'i don mi shes te/ 'di lྟr gsang tshig gi gzhi 'di dag ni sྔon 
250	gྱi dྲng sྲong rྣms kྱis bsྟod p bsྒྲgs p yang dag par sྦྱr b sྟe/_de dag ni d lྟr bྲm ze rྣms kྱng rྗes su sྒྲogs shing rྗes su brྗod par bྱed do/_/yab gsang tshig gi gzhi sྔon gྱi dྲng sྲong de rྣms 
251	kྱis bsྟod p bsྒྲgs p yang dag par sྦྱr b gang dag d lྟr bྲm ze rྣms rྗes su sྒྲogs shing rྗes su rྗod p de dag don m mchis lags sྙm 'am/_ci 'di lྟr sྨྲs p 'di'i don ni 'di lags so/_/
252	sྨྲs p/_'di'i don ni 'di lags so/_/bྲm ze sྐr rྒྱl yid dga' zhing yid dga' nas bsams p/_bus bྱ b ni 'di lྟ sྟe/_pha'i gzhung sྲongs par bྱ b 'am/_khྱd par lྷg par rྟogs par bྱ b 
253	de tsam du zad n bྲm ze'i khྱe'u 'dis ni bdag pas khྱd par lྷg par rྟogs so sྙm nas/_de bྲm ze'i khྱe'u lྔ brྒྱ tsam bྲm ze'i gsang tshig dag kླog tu 'jug p de dag kྱng des yid dga' zhing 
254	dga' bas de nyid l gtad do/_/bྲm ze'i khྱe'u nye rྒྱl bྲm ze'i khྱe'u lྔ brྒྱ tsam bྲm ze'i gsang tshig dag kླog tu 'jug p n des rig bྱed ring po ring po gang dag yin p de dag ni thung ngur rྣm par 
