1	rྒྱ gr sྐd du/_bi n y bsྟu/_bod sྐd du/_'dul b gzhi/
2	bm po dng po/_dkon mchog gsum l phྱg 'tshl lo/_/gng gis 'ching rྣms yng 
3	dg rb bcd cing /_/mu sྟegs tshogs rྣms thms cd rb bcom sྟe/_/sྡe dng bcs 
4	p'i bdud rྣms nges bcom ns/_/bྱng chub 'di brྙes de l phྱg 'tshl lo/_/khྱim don che 
5	chung sྤngs te dng po rb 'bྱung dk'/_/rb bྱung thob ns yul sྤྱd dg gis dg' thob dk'/_/
6	mngon dg' ji bzhin don bsྐྱed yng dg bྱed p dk'/_/ngur sྨྲig gos 'chng mkhs p tshul 
7	ls nyms p dk'/_/gzhi rྣms kྱi sྤྱi sྡom l/_rb 'bྱung gso sྦྱong gzhi dng ni/_/
8	dgg dbྱe dbྱr dng ko lྤgs gzhi/_/sྨn dng gos dng sྲ brྐྱng dng /_/kau shm bi dng ls kྱi gzhi/_/dmr ser cn dng gng zg dng /_/sྤo dng gso sྦྱong bzhg p dng /_/gns 
9	ml dng ni rྩod p dng /_/dge 'dun dbྱen rྣms bsྡus p yin/_/rb tu bྱung b'i sྤྱi sྡom l/_shA ri'i bu dng mu sྟegs cn/_/dge tshul gnyis dng bྱ rog sྐྲod/_/dgྲ bcom bsd dng 
10	lg rྡum gྱi/_/sྡe tshn yng dg bsྡus p yin/_/sྡom l shA ri'i bu dng rb 'bྱung dng /_/bsྙen pr rྫogs pr gnng b dng /_/nye sྡes tshogs ni bsྡus p dng /_/lྔ p'i sྡe tshn bsྡus 
11	p yin/_/bྱng chub sems dp' dg' lྡn gྱi gns n bzhugs p n/_yul ang g dg n ang g'i rྒྱl po zhes bྱ bs rྒྱl sྲid 'bྱor p rྒྱs p bde b lo legs p sྐྱe bo dng mi mng pos 
12	gng b bྱed du bcug go/_//yul m g dྷ dg n yng rྒྱl po pd m chen po zhes bྱ bs/_rྒྱl sྲid 'bྱor p rྒྱs p bde b lo legs p sྐྱe bo dng mi mng pos gng b bྱed du bcug go/
13	res 'g' ni ang g'i rྒྱl po dpung dng mthu che b yin l/_res 'g' ni rྒྱl po pd m chen po dpung dng mthu che b yin no/_/gng gi tshe ang g'i rྒྱl po dpung dng mthu che b de'i tshe n/
14	des dpung gi tshogs yn lg bzhi p/_gླng po che p'i tshogs dng /_rྟ p'i tshogs dng /_shing rྟ p'i tshogs dng /_dpung bu chung gi tshogs go bsྐon te/_yul m g dྷ rྒྱl po'i 
15	khb m gtogs p bcom ns phྱir lྡog pr bྱed do/_/gng gi tshe rྒྱl po pd m chen po dpung dng mthu che b de'i tshe n/_des kྱng dpung gi tshogs yn lg bzhi p/_gླng po che p'i 
16	tshogs dng /_rྟ p'i tshogs dng /_shing rྟ p'i tshogs dng /_dpung bu chung gi tshogs go bsྐon te/_yul ang g tsm p m gtogs p bcom ns phྱir lྡog pr bྱed do/_/de ns dus gzhn zhig n ang 
17	g'i rྒྱl po dpung dng mthu che br gྱur ns des dpung gi tshogs yn lg bzhi p gླng po che p'i tshogs dng /_rྟ p'i tshogs dng /_shing rྟ p'i tshogs dng /_dpung bu chung gi tshogs go bsྐon te yul m 
18	g dྷ gzhom pr brྩms p dng /_m g dྷ n gns p'i sྐྱe bo'i tshogs kྱis rྒྱl po pd m chen po l lྷ ang g'i rྒྱl pos dpung gi tshogs yn lg bzhi p gླng po che p'i tshogs dng /
19	rྟ p'i tshogs dng /_shing rྟ p'i tshogs dng /_dpung bu chung gi tshogs go bsྐon te yul m g dྷ 'joms pr bgྱid do zhes sྦྲon p dg btng ngo /_/rྒྱl po pd m chen pos kྱng thos ns dpung gi 
20	tshogs yn lg bzhi p gླng po che p'i tshogs dng /_rྟ p'i tshogs dng /_shing rྟ p'i tshogs dng /_dpung bu chung gi tshogs go bsྐon te ang g'i rྒྱl po dng gyul sྤྲd p'i phྱir 'phgs so/_/
21	de ns ang g'i rྒྱl pos rྒྱl po pd m chen po'i gླng po che'i tshogs thms cd phྲogs shing /_rྟ p'i tshogs dng /_shing rྟ p'i tshogs dng /_dpung bu chung gi tshogs thms cd kྱng phྲogs so/_/
22	rྒྱl po pd m chen po yng phm p dng /_sྐྲg p dng /_bcom p dng /_gzhn rྒྱl b dng /_rྒྱb kྱis phྱogs pr bྱs te/_rྒྱl po'i khb tu zhugs ns sྒo bcd de/_r b dg gi khr sྦྲengs ns 
23	'dug go_ang g'i rྒྱl pos rྒྱl po pd m chen po l pho ny btng sྟe/_gl te phྱir 'bྱung n de lྟ n legs/_gl te phྱir mi 'bྱung n ji sྟe sྟeng gi nm mkh' l 'gྲo n ni md' brྒྱud ps 
24	khྱod lྟung br bྱ'o/_/ji sྟe s'i 'og tu 'gྲo n ni mchil p dng dྲng b'i tshul gྱis dྲng br bྱ'o/_/ji sྟe ri'i rྩe mor 'dzeg n ni der yng khྱod thr p med do zhes sྤྲing ngo /_/rྒྱl po pd m 
25	chen pos phྲin yig gླgs ns de mi bde br gྱur te/_lg p l 'gྲm p gtd ns sems khong su chud cing 'dug 'dug ns des bླon po rྣms l sྨྲs p/_shes lྡn dg ang g'i rྒྱl po 
26	'di ni gdug p/_ph rol gnon p/_dpung dng mthu che br gྱur l/_des yu bu cg l 'di dng 'di sྐd ces sྤྲing n/_de l yu bu cg gis ji lྟr bsྒྲub pr bྱ/_de dg gis tshigs su bcd p 
27	sྨྲs p/_yul dng sྲog l gnod gྱur n/_/sྐྱes bus kun du sྲog bsྲung bྱ/_/bླo yis gnyis k dpྱd bྱs n/_/yul ni yng rྙed sྲog rྣms min/_/lྷ rྣm p thms cd du sླr 
28	'bྱung br bgྱi'o/_/de rl gྲi mgul du thogs te phྱir bྱung b dng /_ang g'i rྒྱl pos de l lo thng dng bc' phb sྟe de nyid du bzhg go_/gng gi tshe bcom lྡn 'ds bྱng chub sems 
29	dp' dg' lྡn gྱi gns n bzhugs ps gzigs p lྔ po dg l gzigs ns 'dod p n sྤྱod p'i lྷ dྲug po dg l ln gsum bsྒo b mdzd de/_gླng po che lྟr sྣng br bsྒྱur te/
30	yum gྱi lྷums su zhugs p de'i tshe n s chen po shin tu gyos pr gྱur cing 'jig rྟen 'di thms cd kྱng sum bcu rྩ gsum p'i lྷ rྣms kྱi kh dog gi mthu bs lྷg p'i sྣng b rྒྱ chen pos khྱb 
31	pr gྱur cing /_'jig rྟen gྱi 'jig rྟen gྱi br gng n nyi m dng zླ b 'di lྟr rྫu 'phྲul che b/_'di lྟr mthu che b 'di gnyis kྱi 'od dg nyms su mi mྱong b'i mun p mun gng mun pr bྱed 
32	ps/_gng pr gྱur p gng dg yin p de dg kྱng de'i tshe n sྣng b rྒྱ chen pos khྱb pr gྱur ns/_sems cn gng dg der sྐྱes p dg gis rng gi lg p brྐྱng b yng mi mthong b de dg gis 
33	kྱng 'od des sems cn gcig gis gcig mthong ns shes lྡn dg sems cn gzhn yng 'dir sྐྱes so/_/shes lྡn dg sems cn gzhn yng 'dir sྐྱes so zhes shes pr gྱur to/_/gng gi tshe 
34	bcom lྡn 'ds bྱng chub sems dp' blྟms p de'i tshe n gྲong khྱer chen po bzhi po dg tu rྒྱl po chen po bzhi dg gi bu yng btss pr gྱur te/_rྒྱl po'i khb tu rྒྱl po pd m chen po'i bu btss so/_/
35	mnyn yod du ni rྒྱl po rྩibs kྱis 'phur tshngs bྱin gྱi bu btss so/_/'phgs rྒྱl du ni rྒྱl po mu khྱud mth' ys kྱi bu btss so/_/kau shm bir ni rྒྱl po dmg brྒྱ p'i bu btss so/_/bcom lྡn 
36	'ds bྱng chub sems dp' blྟm p n 'jig rྟen thms cd sum bcu rྩ gsum p'i lྷ rྣms kྱi kh dog gi mthu bs lྷg p'i sྣng b rྒྱ chen pos khྱb pr gྱur cing 'jig rྟen gྱi 'jig rྟen gྱi br 
37	gng n nyi m dng zླ b 'di lྟr rྫu 'phྲul che b/_'di lྟr mthu che b 'di gnyis kྱi 'od dg nyms su mi mྱong b'i mun p mun gng mun pr bྱed ps gng pr gྱur p gng dg yin p de dg kྱng de'i tshe n 
38	sྣng b rྒྱ chen pos khྱb pr gྱur ns/_sems cn gng dg der sྐྱes p dg gis rng gi lg p brྐྱng b yng mi mthong b de dg gis kྱng 'od des sems cn gcig gis gcig mthong ns shes lྡn dg 
39	sems cn gzhn yng 'dir sྐྱes so/_/shes lྡn dg sems cn gzhn yng 'dir sྐྱes so zhes shes pr gྱur to/_/rྒྱl po pd m chen pos bsms p/_bdg gi bu btss p n 'jig rྟen nyi m'i 
40	gzugs shr b lྟr sྣng zhing 'di btsun mo gzugs cn gྱi bu yin ps gzhon nu 'di'i ming gzugs cn sྙing por gdgs so sྙm ns bu de'i ming gzugs cn sྙing po zhes bྱ br btgs 
41	so/_/rྒྱl po rྩibs kྱis 'phur tshngs bྱin gྱis bsms p/_bdg gi bu btss p n 'jig rྟen gsl b gsl b lྟr sྣng bs gzhon nu 'di'i ming gsl rྒྱl du gdgs so sྙm ns bu de'i 
42	ming gsl rྒྱl zhes bྱ br btgs so/_/rྒྱl po dmg brྒྱ ps bsms p/_bdg gi bu btss p n 'jig rྟen nyi m shr b lྟr sྣng br gྱur ps gzhon nu 'di'i ming shr br gdgs so sྙm 
43	ns bu de'i ming shr b zhes bྱ br btgs so/_/rྒྱl po mu khྱud mth' ys kྱis bsms p/_bdg gi bu btss p n 'jig rྟen rb tu sྣng bs sྣng br gྱur ps gzhon nu 'di'i ming rb sྣng 
44	zhes bྱ br gdgs so sྙm ns bu de'i ming rb sྣng zhes bྱ br btgs so/_/rྒྱl po re res bsms p yng bdg gi bu 'di'i mthu yin no/_/bdg gi bu 'di'i mthu yin no sྙm mod kྱi/_de ni de lྟ 
45	m yin te/_'di lྟr de dg thms cd ni bྱng chub sems dp'i mthu yin p'i phྱir ro/_/gng gi nyin mo gzhon nu gzugs cn sྙing po btss p de nyid kྱi nyin mo bླon po lྔ brྒྱ dg gi bu lྔ brྒྱ yng 
46	btss te/_de dg kྱng rigs dng mthun pr ming btgs so/_/gzhon nu gzugs cn sྙing po m m brྒྱd po png n 'tsho b'i m m gnyis dng /_nu m sྣun p'i m m gnyis dng /_dྲi m 'phྱi b'i m 
47	m gnyis dng /_rྩen gྲogs kྱi m m gnyis l rྗes su gtd do/_/de m m brྒྱd po dg gis 'o m dng /_zho dng /_mr dng /_zhun mr dng /_mr gྱi sྙing khu dng /_gzhn yng yo bྱd kྱi bྱe bྲg 
48	gtso bo gtso bo dg gis sྲing br bྱed/_sྐྱed pr bྱed cing rྫing n gns p'i pd m bzhin mྱur du sྐྱed pr bྱed do/_/de gng gi tshe chen por gྱur p de'i tshe yi ge dng /_gྲngs dng /_rྩis dng /_lg rྩis 
49	dng /_dbྱung b dng /_gzhg p dng /_gzhg p l nye br zhugs ns/_de yi ge'i mthr phྱin cing 'bྱed p dng /_kླog p dng /_mkhs p dng /_sྤྱod p gsl b dng /_brྟg p brྒྱd po 'di lྟ 
50	sྟe/_rin po che brྟg p dng /_gzhi brྟg p dng /_gos brྟg p dng /_shing brྟg p dng /_gླng po che brྟg p dng /_rྟ brྟg p dng /_bud med brྟg p dng /_sྐྱes p brྟg p l mkhs 
51	pr gྱur to/_/rྒྱl po rྒྱl rigs sྤྱi bor dbng bsྐur b lྗongs kྱi dbng phྱug mthu dng brྩon 'gྲus thob p/_s chen po'i dkྱil 'khor mngon pr rྒྱl br bྱs te gns p rྣms kྱi bzo'i 
52	gns dng /_ls kྱi gns th dd pr gྱur p gng dg yin p 'di lྟ sྟe/_gླng po che'i gnyr bzhon p dng /_rྟ bzhon p dng /_shing rྟ'i thbs dng /_rl gྲi'i thbs dng /_'phong dng /_phྱir bsྣur 
53	b dng /_mdun du bsྣur b dng /_lྕgs kྱi bsྒྱur thbs dng /_zhgs p gdb p dng /_md' bo che 'phen thbs dng /_'dzin sྟngs dng /_gom sྟngs dng /_thor tshugs dng /_gcd p dng /
54	dྲl b dng /_dbug p dng /_gns lྔ po 'di lྟ sྟe/_rྒྱng ns 'phog p dng /_sྒྲ gྲgs pr 'phog p dng /_gnd du 'phog p dng /_mi 'chor br 'phog p dng /_tshbs che b de dg l yng 
55	zhugs shing bྱng br gྱur to/_/bླon po'i bu lྔ brྒྱ po de dg kྱng bzo'i gns dng /_ls kྱi gns dg l bྱng br gྱur to/_/de phs bzo sྦྱng b bcྭ brྒྱd po dg l bcug ns de'i ming 
56	bzo sྦྱngs gzugs cn sྙing po/_/bzo sྦྱngs gzugs cn sྙing po zhes bྱ br gྱur to/_/de ns dus gzhn zhig n gzhon nu gzugs cn sྙing po gླng po che l zhon te lྗongs su bྱung b 
57	dng /_des ang g'i rྒྱl po'i zho shs 'tsho b dg lo thng dng dpྱ sྡud p mthong ns/_des sྨྲs p/_shes lྡn dg lo thng dng dpྱ sྡud p 'di dg su'i yin/_de dg gis sྨྲs p/_lྷ ang g'i 
58	rྒྱl po'i lgs so/_/des sྨྲs p/_ci yu bu cg de l lo thng 'bul b yin nm/_de dg gis sྨྲs p/_lྷ lo thng 'bul b lgs so/_/des sྨྲs p/_shes lྡn dg zho shs 'tsho b 
59	de dg bos shig__/de dg gis bos p dng /_des sྨྲs p/_shes lྡn dg de yng rྒྱl po rྒྱl rigs sྤྱi bor dbng bsྐur b yin l/_nged kྱng rྒྱl po rྒྱl rigs sྤྱi bor dbng bsྐur b 
60	yin n/_ci'i phྱir khྱed cg lo thng dng dpྱ sྡud pr bྱed/_deng l phྱin chd lo thng dng dpྱ m sྡud cig__/de dg gis bsms p/_gzhon nu 'di ni rྒྱus mi shes p yin ps bdg cg rྒྱl po pdྨ 
61	chen po'i gn du 'dong zhing song ns bsྙd pr bྱ'o sྙm ns/_de dg rྒྱl po pd m chen po'i gn du song sྟe phྱin ns sྨྲs p/_lྷ bdg cg ang g'i rྒྱl po'i zho shs 'tsho b lo thng dng dpྱ sྡud 
62	p n gzhon nu gzugs cn sྙing pos bkg n/_ci bsྡu br 'tshl lm/_'on te sླr mchi br 'tshl/_des sྨྲs p/_shes lྡn dg gzhon nu de ni rྒྱus mi shes p yin ps khྱed cg sྔon ji lྟr 
63	lo thng dng dpྱ sྡud p de bzhin du sྡus shig__/de dg gis yng bsྡu br brྩms te/_de dg 'ongs ns phྱir lྡog p gzhon nu gzugs cn sྙing pos mthong ns sྨྲs p/_shes lྡn dg ngs 
64	khྱed l phྱin chd lo thng dng dpྱ m sྡud cig ces m bzླog gm/_ci'i phྱir yng khྱed lo thng dng dpྱ sྡud/_gl te re zhig 'khod n de lྟ n legs/_gl te mi 'khod n mtshms chen po gcd pr 
65	bྱ'o/_/de dg sྐྲg ns bsms p/_gzhon nu 'di ni gdug p ph rol gnon p yin ps bdg cg l gnod p bྱed pr 'gྱur b gng yin p de lྟ bu'i gns yod pr 'gྱur gྱis/_bdg cg 
66	ang g'i rྒྱl po'i gn du dong sྟe sྦྲn pr bྱ'o sྙm ns de dg ang g'i rྒྱl po'i gn du dong sྟe phྱin ns sྨྲs p/_lྷ bdg cg lྷ'i zho shs 'tsho b lgs te/_bdg cg lྷ'i lo thng dng dpྱ 
67	sྡud p n rྒྱl po pd m chen po'i bu gzhon nu gzugs cn sྙing po des bzླog lgs n/_d gl te lྷs btng sྙoms mdzd n sླd kྱis gnod p chen po bgྱid pr 'gྱur b gng lgs p de lྟ bu'i 
68	gns mchis pr 'gྱur ro/_/tshigs su bcd p yng sྨྲs p/_ji sྲid shing ni gzhon p'i tshe/_/sen mo dg gis gcd nus p/_/de nyid chen por sྐྱes p n/_/sྟ re brྒྱs kྱng gcd pr dk'/_/
69	ang g'i rྒྱl pos rྒྱl po pd m chen po l gzhon nu gzugs cn sྙing po mgul p ns thogs l tshur bkྲi b'm/_yng n rྩྭ dng chs sྟ gon gྱis shig dng /_ng nyid 'o nir 'ong ngo zhes phྲin yig 
70	sྤྲing ngo /_/rྒྱl po pd m chen pos phྲin yig gླgs ns de mi bde br gྱur te lg p 'gྲm p l gtd ns sems khongs su chud cing 'dug 'dug ns/_des gzhon nu gzugs cn sྙing po bos ns 
71	sྨྲs p/_ci'i phྱir khྱod kྱis ang g'i rྒྱl po'i zho shs 'tsho b dg lo thng dng dpྱ sྡud p zླog__/des khྲos te ng l 'di dng 'di sྐd ces sྤྲing ngo /_/des sྨྲs p/_lྷ ci sྐol de l lo thng 'bul b 
72	lgs sm/_bu lo thng 'bul b yin no/_/des sྨྲs p/_lྷ de yng rྒྱl po rྒྱl rigs sྤྱi bor dbng bsྐur b lgs l/_sྐol kྱng rྒྱl po rྒྱl rigs sྤྱi bor dbng bsྐur b lgs 
73	n/_ci'i sླd du sྐol de l lo thng dng dpྱ 'bul/_lྷs bdg l dpung gi tshogs yn lg bzhi p sྩl b 'b' zhig mdzod cig dng /_bdg gis ang g'i rྒྱl po dng lྷn cig gyul ngor gyul 
74	sྤྲd pr bgྱi'o/_/de ns rྒྱl po pd m chen pos ang g'i rྒྱl po l khྱod kྱi mthu dng /_dpung dng /_brྩon 'gྲus dng /_ph rol gnon p gng dg yin p de dg thms cd m nyms pr gྱis shig 
75	ces phྲin yig sྤྲing ngo /_/ang g'i rྒྱl pos thos ns mi bzod p sྐྱes te bླon po rྣms l sྨྲs p/_shes lྡn dg de'i yul 'khor gzhom pr bྱs/_dpung gi tshogs yn lg bzhi p go sྐon cig_/
76	des dpung gi tshogs yn lg bzhi p gླng po che p'i tshogs dng /_rྟ p'i tshogs dng /_shing rྟ p'i tshogs dng /_dpung bu chung gi tshogs go bsྐon te yul m g dྷ gzhom pr brྩms p dng /
77	m g dྷ n gns p'i sྐྱe bo'i tshogs kྱis rྒྱl po pd m chen po l lྷ ang g'i rྒྱl po 'di dpung gi tshogs yn lg bzhi p gླng po che p'i tshogs dng /_rྟ p'i tshogs dng /_shing rྟ p'i tshogs dng /
78	dpung bu chung gi tshogs go bsྐon te yul m g dྷ 'joms pr bgྱid do zhes sྦྲon p dg btng ngo /_/rྒྱl po pd m chen pos thos ns de mi bde br gྱur te lg p 'gྲm p l gtd ns sems khongs 
79	su chud cing 'dug 'dug ns/_des gzhon nu gzugs cn sྙing po bos te/_de l dpung gi tshogs yn lg bzhi p bྱin no/_/gzhon nu gzugs cn sྙing pos bླon po'i bu lྔ brྒྱ bsྡus te sྨྲs p/
80	shes lྡn dg ng ni ang g'i rྒྱl po dng lྷn cig gyul ngor gyul sྤྲod pr bྱed n shes lྡn dg ci bྱed/_de dg gis sྨྲs p/_gzhon nu khྱod kྱi gns sྐbs gng lgs p de bdg cg gi yng lgs 
81	so/_/des tshigs su bcd p sྨྲs p/_mi gng l ni khྱim dpl gns/_/de ni kun gྱis yongs bsྲung bྱ/_/de nyms n ni kun nyms te/_/lྟe b chg ps rྩibs rྣms bzhin/_/d khྱed kྱis 
82	kun ns yongs su bsྲung br bྱ'o/_/de dg gis sྨྲs p/_lྷ'i gns sྐbs gng lgs p de bdg cg gi yng lgs l/_lྷ'i zhbs gng n b de n bdg cg gi mgo mchis so/_/de ns 
83	des dpung gi tshogs yn lg bzhi p go bsྐon te/_rྒྱl po'i khb ns bྱung ngo /_/rྒྱl po pd m chen po sྟeng gi khng bzngs kྱi gzhir gtogs p n bླon po'i tshogs kྱis bsྐor cing 'dug p des de 
84	bྱung b mthong ns des bླon po rྣms l sྨྲs p/_shes lྡn dg dmg 'di su'i yin/_de dg gis sྨྲs p/_lྷ gzhon nu gzugs cn sྙing po'i lgs so/_/des sྨྲs p/_shes lྡn dg ae 
85	m 'di dmg mng po dng lྡn no zhes sྨྲs ps/_de'i ming dmg lྡn gzugs cn sྙing po/_dmg lྡn gzugs cn sྙing po zhes bྱ br gྱur to/_/de n kh cig gis ni bzo sྦྱngs gzugs cn sྙing po zhes bྱ 
86	br shes so/_/kh cig gis ni dmg lྡn gzugs cn sྙing po zhes bྱ br shes so/_/gzhon nu gzugs cn sྙing pos bླon po'i bu lྔ brྒྱ po dg l sྨྲs p/_shes lྡn dg ang g'i rྒྱl po 'di 
87	ni gdug p ph rol gnon p dpung dng mthu che br gྱur p yin ps yu bu cg gis 'di dng lྷn cig gyul sྤྲd pr ni mi nus kྱis/_'di lྟr de bg yngs su go phud p'i phྲu m brྫi zhing bzhbs 
88	te gsd pr bྱ'o/_/de dg gis de bg yngs su go phud p'i phྲu m brྫis ns de dg gis ang g'i rྒྱl po bzhbs te bsd do/_/ang g'i rྒྱl po'i dpung gi tshogs yn lg bzhi p phྱogs 
89	bzhir bྱer b dng /_gzhon nu gzugs cn sྙing pos phྱogs bzhir pho ny rྟ p dg bkྱe sྟe/_shes lྡn dg de yng rྒྱl po rྒྱl rigs sྦྱi bor dbng bsྐur b yin l/_nged kྱng rྒྱl po rྒྱl rigs sྤྱi bor dbng bsྐur 
90	b yin gྱis phྱir log shig dng /_shes lྡn dg ngs shes lྡn dg l 'tsho b'i rྒྱu sྦྱin pr bྱ'o zhes sྤྲing b dng de dg phྱir log go_/de ns ang g'i rྒྱl pos gྲong khྱer tsm p bsྲung b bzhg 
91	p des ang g'i rྒྱl po ji lྟr bsd p thos ns des sྒo bcd de r b dg gi khr sྦྲengs ns 'dug go_/gzhon nu gzugs cn sྙing po yng mthr gྱis gྲong khྱer tsm pr phྱin ns des shing ring po l 
92	ang g'i rྒྱl po'i mgo btgs te bsྟn ns sྨྲs p/_ngs khྱod kྱi jo bo gng yin p de gns sྐbs 'di lྟ bur bྱs kྱis/_gl te je phྱir 'bྱung n de lྟ n legs/_gl te phྱir mi 'bྱung 
93	n khྱod kྱng gns sྐbs 'di lྟ bur bྱs pr 'gྱur b gng yin p de lྟ bu'i gns yod pr 'gྱur ro/_/des thos ns mi bde br gྱur te/_des bsms p/_yul dng sྲog l gnod gྱur n/_/
94	sྐྱes bus kun du sྲog bsྲung bྱ/_/bླo yis gnyis k dpྱd bྱs n/_/yul ni yng rྙed sྲog rྣms min/_/sྙm ns de rl gྲi mgul du thogs te phྱir bྱung ngo /_/de n gzhon nu gzugs cn 
95	sྙing pos ang g'i rྒྱl po bsd de gྲong khྱer tsm p rng gi lg tu thob ns des rྒྱl po pd m chen po l lྷ bdg gis ang g'i rྒྱl po bkum sྟe gྲong khྱer tsm p rng gi sug pr 
96	thob lgs n/_lྷ yongs su m gྲub p gzhn ci mchis bk' sྩol cig dng yongs su bsྒྲub pr bgྱi'o zhes phྲin yig sྤྲing ngo /_/de mgu ns des de l gdugs dng /_cod pn dng /_thod bsྐur te/
97	bu khྱod kྱis 'o ni nyid du rྒྱl sྲid bྱed du chug shig__/ngs kྱng 'di nyid du rྒྱl sྲid bྱed du gzhug go zhes sྤྲing ngo /_/de ns gzhon nu gzugs cn sྙing pos yul ang g dg tu rྒྱl sྲid 'bྱor p rྒྱs 
98	p bde b lo legs p sྐྱe bo dng mi mng pos gng b bྱed du bcug go/_dus gzhn zhig n rྒྱl po pd m chen po dus l bb ns rྒྱl po'i khb kྱi bླon po rྣms kྱis rྒྱl po gzugs cn sྙing po 
99	l lྷ khྱod kྱi yb dus l bb bo zhes sྤྲing ns/_de ang g dng m g dྷ p'i bླon po rྣms kྱis rྒྱl sྲid l dbng bsྐur b chen pos dbng bsྐur to/_/de ns rྒྱl po gzugs cn sྙing pos 
100	yul ang g dng m g dྷ dg tu rྒྱl sྲid 'bྱor p/_rྒྱs p/_bde b/_lo legs p/_sྐྱe bo dng mi mng pos gng b/_thb mo dng /_th b dng /_phྱi dgྲ dng /_nng 'khྲug rb tu zhi b/_chom rྐun 
101	dng /_mu ge dng /_nd dng bྲl b/_s lu dng /_bu rm shing gi phྲeng b dng /_b lng dng /_m he phun sum tshogs p bྱed du bcug sྟe/_chos dng lྡn p chos kྱi rྒྱl pos chos kྱi rྒྱl sྲid bྱed du bcug go_/
102	de ns bྲm ze'i khྱe'u gsng tshig 'dod p gsng tshig tshol b zhig yul dbus ns lྷo phྱogs su song ngo /_/de n bྲm ze rig bྱed dng rig bྱed kྱi yn lg gi ph rol du son p yul th dd p n 
103	gns p'i bྲm ze rྣms kྱi sྟon pr gྱur p zhig 'dug ns/_bྲm ze'i khྱe'u de bྲm ze de'i dྲung du song sྟe phྱin ns zhi b dng sྤྱod lm zhi bs mgo bos phྱg 'tshl te phྱogs gcig tu 'dug go/
104	de ns bྲm ze des bྲm ze'i khྱe'u de l 'ongs p legs so zhes bྱ b'i tshig gis kun du sྤྱd ns sྨྲs p/_kྱe bྲm ze'i khྱe'u khྱod g ls 'ongs ci zhig 'dod/_bྲm ze'i khྱe'us sྨྲs p/
105	bdg yul dbus ns mchis te/_mkhn po'i zhbs l sྲi zhu bgྱid pr 'tshl lo/_/ci zhig gi phྱir/_rig bྱed bkླg p'i sླd du'o/_/bu legs kྱis de bzhin du gྱis shig__/de ni bྲm zes bྱ b yin no/_/
106	bྲm ze'i khྱe'u des bྲm ze de'i dྲung du rig bྱed bkླg pr bྱ br brྩms so/_/bྲm ze'i khྱe'u rྣms kྱi kun du sྤྱod p ni 'di yin te/_gng gi tshe mi kླog pr gྱur p de'i tshe n ln 'g' ni chu ngogs su nye 
107	reg bྱed du 'dong ngo /_/ln 'g' ni gྲong khྱer lྟr 'dong ngo /_/ln 'g' ni ym sྲeg shing thur 'dong ngo/_/ji tsm dus gzhn zhig n de dg mi kླog pr gྱur ns de'i tshe de dg ym sྲeg shing thur dong b 
108	dng /_de dg l lm gྱi br du br sྐbs kྱi gtm brྗod p 'di lྟ bu 'di bྱung sྟe/_kྱe kud s'i bu dg__/bd s'i bu dg__/shn di li'i bu dg__/b r dྭ dz'i bu dg_/lྔ p'i bu dg__/nye lྔ'i bu dg__/
109	je khྱed cg ls gng ni yul g ls 'ongs p dྲi br bྱ'o/_/de n bྲm ze'i khྱe'u gcig gis sྨྲs p/_kho bo ni yul shr ns so/_/gzhn zhig gis sྨྲs p/_kho bo ni lྷo phྱogs ns so/_/
110	yng gzhn zhig gis sྨྲs p/_kho bo ni nub phྱogs ns so/_/yng gzhn zhig gis sྨྲs p/_kho bo ni bྱng phྱogs ns so/_/bྲm ze'i khྱe'u des sྨྲs p/_kho bo ni yul dbus ns so/_/de dg 
111	gis sྨྲs p/_shes lྡn dg bdg cg gis yul thms cd mthong zhing thos n yul dbus ni m mthong m thos so/_/shr n bླo cn gns p sྟe/_/lྷo phྱogs n ni gyon bྱed 'dug_/
112	nub kྱi yul n phྲ m cn/_/bྱng phྱogs n ni tshig rྩub po/_/zhes tshigs su bcd p yng sྨྲs so/_/de ns dྲis p/_bྲm ze'i khྱe'u yul dbus ci 'dྲ/_shes lྡn dg yul dbus ni yul rྣms kྱi 
113	mchog yin te/_s lu dng /_bu rm shing gi phྲeng b dng /_b lng dng /_m he phun sum tshogs p/_sླongs mo p brྒྱs khྱb p/_dbus p'i sྐྱe bos gng b/_mth' 'khob p'i sྐྱe bos sྤngs p 
114	sྐྱe bo mkhs ps bsྟen p/_de n chu kླung gng gA kh rྗe dng /_bsod nms dng /_bkྲ shis dng /_gtsng b dng /_gtsng b nyid kྱi gns su gྲgs p/_'gྲm gnyis ns rླn 'phྱo b/_dྲng sྲong rྣm 
115	kྱi bsྟi gns zhes bྱ b chu dgur bcྭ brྒྱd 'bb p yod de/_der dྲng sྲong rྣms kྱis dk' thub sྤྱd n rng gi lus nyid kྱis mtho ris su 'dong b yin no/_/kྱe bྲm ze'i khྱe'u de ni mjl gྱis 
116	gzhn 'di 'dྲi'o/_/yul dbus n mkhs pr bgྲng b dg yod dm/_shes lྡn dg kho bos dng po nyid ns shes lྡn dg yul dbus ni dbus p'i sྐྱe bos gng b/_mth' 'khob 
117	p'i sྐྱe bos sྤngs p/_sྐྱe bo mkhs ps bsྟen p'o zhes m sྨྲs sm/_bྲm ze'i khྱe'u khྱod kྱis de sྐd sྨྲs so/_/bྲm ze'i khྱe'u yul dbus n 'di lྟ sྟe dper n bdg cg gi 
118	mkhn po dng 'dྲ b sྨྲ b'i khྱu mchog de lྟ bu dg yod dm/_shes lྡn dg yul dbus n bdg cg gi mkhn pos gng dg gi gdong du lྟ br yng mi nus p/_sྙn pr sྨྲ b/_sྨྲ b'i 
119	khྱu mchog de lྟ bu dg yod do/_/bྲm ze'i khྱe'u des de dg l de lྟ de lྟr yul dbus kྱi bsྔgs p brྗod p dng /_'di lྟr de dg thms cd yul dbus su 'dong 'dod pr gྱur to/_/
120	de ns bྲm ze'i khྱe'u de dg ym sྲeg shing dg btsl te/_ym sྲeg shing gi khur thogs ns bྲm ze'i khྱim g l b der dong sྟe phྱin ns ym sྲeg shing gi khur dg mth' gcig tu bzhg sྟe 
121	bྲm ze de g l b der dong ns phྱin p dng /_bྲm ze de l 'di sྐd ces sྨྲs so/_/mkhn po mkhྱen pr mdzod cig__/bྲm ze'i khྱe'u 'dis ci ns kྱng bdg cg thms cd yul dbus su mchi 'tshl 
122	br gྱur p de lྟr yul dbus kྱi bsྔgs p brྗod do/_/bྲm ze des sྨྲs p/_bu dg ji sྙed thos p de sྙed bgྲod pr bྱ b yin nm/_'di lྟr yul dg ni thos n dg' br 'gྱur b yin ps mnyn pr bྱ'i 
123	bgྲod pr ni mi bྱ'o/_/mkhn po bྲm ze'i khྱe'u 'di'i mchid ns yul dbus n bdg cg gi mkhn pos gng dg gi gdong du lྟ br yng mi nus p/_sྙn pr sྨྲ b/_sྨྲ b'i khྱu mchog de lྟ bu dg 
124	mchis so zhes mchi'o/_/bu dg ci kho bo n re s'i sྟeng n kho bo gcig pu kho n sྨྲ b yin gྱi/_sྨྲ b gzhn 'g' yng med do zhes zer rm/_s ni rin po che mng po 'dzin p yin ps s gzhi ni mdzes p mdzes p 
125	dg gis gng b yin no/_/mkhn po re zhig yul de yng mthong br 'gྱur zhing chu ngogs su nye reg kྱng bgྱi/_sྨྲ b'i khྱu mchog de dg l yng bsྙen bkur bgྱi/_rྒol b dg kྱng tshr gcd pr bgྱi/_rng gi gྲgs 
126	p yng bsྒྲg pr bgྱi/_rྙed p yng bsྒྲub pr bgྱi/_bdg cg yul dbus su mchi'o/_/bྲm ze de sླob m l rྗes su chgs p dng bcs p dng /_'khor nyung b yin ps des bྲm ze'i khྱe'u de dg l 'di sྐd 
127	ces sྨྲs so/_/bu dg gl te de lྟ n gyng gzhi dg dng /_shing shun dg dng /_dbྱu gu dg dng /_bླugs gzr dg dng /_dgng gzr dg dng /_ril b dg long zhig dng yul dbus su 'dong ngo /_/de dg gis 
128	de dg bླngs ns bྲm ze de bྲm ze'i khྱe'u de dg dng lྷn cig yul dbus su 'phgs p dng /_des rྒol b kh cig ni tshr bcd de rྒol b'i shing rྟ l sྦྱor br bྱed/_kh cig ni mgor thl b'i bum p dg gis bsྣun/
129	kh cig ni 'phong gi dpong sr khྭ bzhin du thg ring po ns yongs su sྤong br bྱed/_kh cig ni gdugs dng /_rྒྱl mtshn dng /_b dn dg gis bsu br bྱed/_kh cig ni sླob m nyid du khs len pr bྱed cing de mthr gྱi gྲong dng /
130	gྲong khྱer dng /_gྲong rྡl dng /_dbྱe tshongs dng /_tshong rྡl dg tu rྒol b 'dul zhing rྒྱl po'i khb tu phྱin to/_/bྲm ze des bsms p/_bdg gis ci'i phྱir rྩ b sྤngs te yl g dng /_'db m dng /_lo m l 
131	nyug pr bྱ/_rྒol b gng dg dng /_mkhs pr bgྲng b gng ji sྙed p de dg thms cd kྱng rྒྱl po dng nye b yin gྱis/_bdg kྱng rྒྱl po'i gn du 'gྲo'o sྙm ns bྲm ze de rྒྱl po gzugs cn sྙing 
132	po g l b der song sྟe phྱin ns rྒྱl po gzugs cn sྙing po l rྒྱl b dng tshe sྤel b bྱs te phྱogs gcig tu 'dug go/_/phྱogs gcig tu 'dug ns rྒྱl po gzugs cn sྙing po l 'di sྐd ces sྨྲs 
133	so/_/lྷ bdg l bླ m ls yi ge nyung shs shig bླngs p mchis te/_de'i sླd du lྷ'i sྤྱn sྔr rྒol b dg dng lྷn cig bk' mchid rྣm pr gtn l dbb pr 'tshl lo/_/rྒྱl pos bླon po rྣms 
134	l sྨྲs p/_shes lྡn dg ng'i yul n bྲm ze 'di dng lྷn cig gtm rྣm pr gtn l 'bebs pr bྱed p'i rྒol b 'g' yod dm/_bླon po rྣms kྱis sྨྲs p/_lྷ gྲong n l d n bྲm ze gns len gྱi bu 
135	zhes bgྱi b rig bྱed dng rig bྱed kྱi yn lg gi ph rol tu mchis p zhugs lྟ bu'i shes ps rng gi sྨྲ b gsl br bgྱid/_gzhn gྱi sྨྲ b tshr gcod pr rྔo thog p zhig mchis te/_des bsྟn bcos 
136	gns len gྱi bu zhes bgྱi b nye br sྦྱr to/_/mkhn po gns len gྱi bu de bos shig__/lྷ bod pr bgྱi'o zhes de dg gis de bos ns de rྒྱl po gzugs cn sྙing po g l b der song sྟe phྱin ns rྒྱl po 
137	gzugs cn sྙing po l rྒྱl b dng tshe sྤel b bྱs te phྱogs gcig tu 'dug p dng /_bླon po rྣms kྱis sྨྲs p/_lྷ mkhn po de 'di lgs so/_/rྒྱl pos 'ongs p legs so zhes bྱ b'i tshig gis kun du sྤྱd 
138	de sྨྲs p/_mkhn po khྱod kho bo'i mdun du bྲm ze 'di dng lྷn cig gtm rྣm pr gtn l dbb pr bྱed nus sm/_gns len gྱi bus sྨྲs p/_bdg gis rྔo thog ps rྒྱl po dgྱes pr bgྱi'o/_/
139	rྒྱl pos bླon po rྣms l bsྒo b/_shes lྡn dg rྒol b'i dkྱil 'khor shoms shig__/phྱogs dng gzhn gྱi phྱogs dg rྣm pr zhog shig__/bླon po rྣms kྱis rྒol b'i dkྱil 'khor bshms 
140	shing phྱogs dng gzhn gྱi phྱogs dg rྣm pr bzhg go_/de ns bླon po rྣm kྱis rྒྱl po'i rྐng p gnyis l phྱg 'tshl te sྨྲs p/_lྷ phྱogs sྔ m gng bgྱid du sྩl/_rྒྱl pos sྨྲs p/
141	_bྲm ze 'di 'gྲon p yin gྱis 'di phྱogs sྔ m bྱed du chug shig_/bྲm ze de phྱogs sྔ m bྱed du bcug ns des rྒྱud chgs lྔ brྒྱ bzླs so/_/gns len gྱi bus phྱir bzླs te/_khྱod kྱi 'di ni rigs 
142	p med p yin no/_/'di ni mi mthun p yin no/_/'di ni mi 'thd p yin no zhes sྐྱon btgs p dng bྲm ze de cng mi sྨྲ br 'dug go_/tshr gcd p'i gns rྣms kྱi nng n 'di lྟ sྟe ln l sྦobs p med 
143	p 'di ni th chd yin no/_/rྒྱl pos bླon po rྣms l sྨྲs p/_shes lྡn dg su rྒྱl/_lྷ mkhn po gns len gྱi bu'o/_/de ns rྒྱl po yid dg' zhing yid dg' ns ro sྟod bsྲng sྟe 
144	lg p gys p brྐྱng ns bdg gi yul n sྨྲ b'i khྱu mchog 'di lྟ bu dg yod p ni bdg gis rྙed p legs pr rྙed do zhes ched du brྗod p ched du brྗod ns sྨྲs p/_mkhn po khྱod gns gng n gns/
145	gns len gྱi bus sྨྲs p/_lྷ gྲong n l d n'o/_/khྱod song l gྲong de khྱod kྱis rྒol b'i longs sྤྱod gྱis shig__/gns len gྱi bu rngs p dng dg' b dng mchog tu dg' br gྱur ns sྐྱe bo mkhs p 
146	rྣms kྱis yongs su bsྐor te/_gྲong der song ngo /_/'jig rྟen ni 'bྱor b 'dod cing rྒud p l m dd p yin ps de l bྲm ze du m zhig gis bu mo chung mr len du bcug p dng /_de ns gns len gྱi bu des rigs 
147	mnym p ls chung m bླngs te/_de de dng lྷn cig rྩe br bྱed/_dg' br bྱed/_dg' mgur sྤྱod pr bྱed do/_/rྩe br bྱed/_dg' br bྱed/_dg' mgur sྤྱod pr bྱed p de'i chung m l bu ro sྟod ring b ring 
148	b zhig btss ns de'i nye du dg 'dus shing lྷgs ns nyi m bdun gsum nyi shu rྩ gcig tu btss p'i btss sྟon rྒྱ cher bྱs te/_khྱe'u'i ming cir gdgs zhes ming 'dogs pr bྱed do/_/nye du rྣms 
149	kྱis sྨྲs p/_khྱe'u 'di ro sྟod ring b ring br gྱur ps khྱe'u 'di'i ming sྟod rings su gdgs so zhes de'i ming sྟod rings su btgs so/_/bྲm ze'i khྱe'u sྟod rings m m brྒྱd po png n 'tsho b'i m m 
150	gnyis dng /_nu m sྣun p'i m m gnyis dng /_dྲi m 'phྱi b'i m m gnyis dng /_rྩen gྲogs kྱi m m gnyis l rྗes su gtd do/_/de m m brྒྱd po dg gis 'o m dng /_zho dng /_mr dng /_zhun mr dng /
151	mr gྱi sྙing khu dng /_gzhn yng yo bྱd kྱi bྱe bྲg gtso bo gtso bo dg gis sྲing br bྱed/_sྐྱed pr bྱed cing rྫing n gns p'i pd m bzhin mྱur du sྐྱed pr bྱed do/_/de gng gi tshe chen por gྱur p de'i tshe 
152	yi ge dng /_gྲngs dng /_rྩis dng /_lg rྩis dng /_dbྱung b dng /_gzhug p dng /_gzhg p dng /_'bྱed p dng /_kླog p'i ph rol tu son cing /_de'i tshe n bྲm ze'i sྤྱod tshul dng /_sྤྱod p dng /_gtsng sྦྲ 
153	dng /_kun tu sྤྱod p dng /_thl b bླng b dng /_bྱ m bum bླng b dng /_s bླng b dng /_lg sྟngs dng /_thor tshugs dng /_rb bsྔgs bྱ b dng /_kྱe zhes bྱ b dng /_nges brྗod kྱi rig bྱed dng /_mchod sྦྱin gྱi 
154	rig bྱed dng /_sྙn tshig gi rig bྱed dng /_sྲid bsྲung gi rig bྱed dng /_bྲm ze'i ls dྲug po mchod sྦྱin bྱed p dng /_mchod sྦྱin bྱed du 'jug p dng /_kླog p dng /_kླog tu 'jug p dng /_sྦྱin p dng /_len p l 
155	mkhs p'i bྲm ze rig bྱed dng /_rig bྱed kྱi yn lg gi ph rol tu son p me lྟ bu'i shes ps rng gi sྨྲ b gsl br bྱed p/_gzhn gྱi sྨྲ b tshr gcod pr bྱed nus pr gྱur to/_/yng de rྩe br bྱed/
156	dg' br bྱed/_dg' mgur sྤྱod pr bྱed p'i chung m l bu mo mig gnyis bྱ sh ri k 'dྲ b zhig btss ns de'i nye du dg 'dus shing lྷgs ns nyi m bdun gsum nyi shu gcig tu btss p'i btss 
157	sྟon rྒྱ cher bྱs te/_bu mo'i ming cir gdgs shes ming 'dogs pr bྱed do/_/nye du rྣms kྱis sྨྲs p/_bu mo 'di'i mig gnyis bྱ sh ri k 'dྲ bs bu mo 'di'i ming sh ri kr gdgs so zhes de'i 
158	ming sh ri kr btgs so/_/bu mo sh ri k bsྲings shing bsྐྱed de chen mor gྱur to/_/des yig 'bྲu'i yi ge l nye br sྦྱr ns des yig 'bྲu'i yi ge dg lobs so/_/dus gzhn zhig n bྲm ze'i 
159	khྱe'u sྟod rings sh ri k dng lྷn cig 'gྱed pr bྱed p n sh ri ks de tshr bcd ns/_phs sྟod rings l sྨྲs p/_bu khྱod sྐྱes p yin n bud med kྱis tshr bcd dm/_ng 'ds ns rྒol b'i 
160	longs sྤྱod dg phྲogs pr 'gྱur ro/_/de ns yng bྲm ze'i khྱe'u gsng tshig 'dod p gsng tshig tshol b zhig yul dbus ns lྷo phྱogs su song ngo /_/de n bྲm ze sྐr rྒྱl zhes bྱ b 'jig rྟen rྒྱng pn 
161	l mkhs p/_rig bྱed dng rig bྱed kྱi yn lg gi ph rol tu son p yul th dd p n gns p'i bྲm ze rྣms kྱi sྟon pr gྱur p zhig 'dug ns/_bྲm ze'i khྱe'u de bྲm ze de'i dྲung du song sྟe phྱin ns/
162	zhi b dng sྤྱod lm zhi bs mgo bos phྱg 'tshl te phྱogs gcig tu 'dug go/_/de ns bྲm ze sྐr rྒྱl gྱis bྲm ze'i khྱe'u de l 'ongs p legs so zhes bྱ b'i tshig gis kun tu sྤྱd ns sྨྲs 
163	p/_kྱe bྲm ze'i khྱe'u khྱod g ls 'ongs p ci zhig 'dod/_bྲm ze'i khྱe'us sྨྲs p/_bdg yul dbus ns mchis te/_mkhn po'i zhbs l sྲi zhu bgྱid pr 'tshl lo/_/ci zhig gi phྱir/_'jig 
164	rྟen rྒྱng pn gzung b'i sླd du'o/_/bྲm ze'i khྱe'u legs kྱis de bzhin gྱis shig__/de ni bྲm zes bྱ b yin no/_/bྲm ze'i khྱe'u des bྲm ze sྐr rྒྱl gྱi dྲung du 'jig rྟen rྒྱng pn gzung br brྩms so/_/
165	bྲm ze'i khྱe'u rྣms kྱi kun du sྤྱod p ni 'di yin te/_gng gi tshe mi kླog pr gྱur p de'i tshe n ln 'g' ni chu'i ngogs su nye reg bྱed du 'dong ngo /_/ln 'g' ni gྲong khྱer lྟr 'dong ngo /_ln 'g' 
166	ni ym sྲeg shing thur 'dong ngo /_/ji tsm dus gzhn zhig n de dg mi kླog pr gྱur ns de'i tshe de dg ym sྲeg shing thur dong b dng /_de dg l lm gྱi br du br sྐbs kྱi gtm brྗod p 'di lྟ bu 'di 
167	dg bྱung sྟe/_kྱe kud s'i bu dg__/bd s'i bu dg__/shn di l'i bu dg__/b r dྭ dz'i bu dg__/lྔ p'i bu dg__/nye lྔ p'i bu dg je khྱed cg ls gng ni yul g ls 'ongs p dྲi br bྱ'o/_/
168	de n bྲm ze'i khྱe'u gcig gis sྨྲs p/_kho bo ni yul shr ns so/_/gzhn zhig gis sྨྲs p/_kho bo ni lྷo phྱogs ns so/_/yng gzhn zhig gis sྨྲs p/_kho bo ni nub phྱogs ns so/_/
169	yng gzhn zhig gis sྨྲs p/_kho bo ni bྱng phྱogs ns so/_/bྲm ze'i khྱe'u des sྨྲs p/_kho bo ni yul dbus ns so/_/de dg gis sྨྲs p/_shes lྡn dg bdg cg gis yul thms cd mthong zhing 
170	thos n yul dbus ni m mthong m thos so/_/shr n bླo cn gns p sྟe/_/lྷo phྱogs n ni gyon bྱed 'dug__/nub kྱi yul n phྲ m cn/_/bྱng phྱogs n ni tshig rྩub po/_/zhes tshigs su bcd p yng sྨྲs so/_/
171	de ns dྲis p/_bྲm ze'i khྱe'u yul dbus ci 'dྲ/_shes lྡn dg yul dbus ni yul rྣms kྱi mchog yin te/_s lu dng /_bu rm shing gi phྲeng b dng /_b lng dng /_m he phun sum tshogs p/_sླongs mo 
172	p brྒྱs khྱb p/_dbus p'i sྐྱe bos gng b/_mth' 'khob p'i sྐྱe bos sྤngs p/_sྐྱe bo mkhs ps bsྟen p/_de n chu kླung gng gA kh rྗe dng /_bsod nms dng /_bkྲ shis dng /_gtsng b dng /
173	gtsng b nyid kྱi gns su gྲgs p/_'gྲm gnyis ns rླn 'phྱo b/_dྲng sྲong rྣms kྱi bsྟi gns shes bྱ b chu dgur bcྭ brྒྱd 'bb p yod de/_der dྲng sྲong rྣms kྱi dk' thub sྤྱd n rng gi lus nyid 
174	kྱis mtho ris su 'dong b yin no/_/kྱe bྲm ze'i khྱe'u de ni mjl gྱis gzhn 'di 'dྲi'o/_/yul dbus n mkhs pr bgྲng b dg yod dm/_shes lྡn dg kho bos dng po nyid ns shes lྡn dg_/
175	yul dbus ni dbus p'i sྐྱe bos gng b/_mth' 'khob p'i sྐྱe bos sྤngs p/_sྐྱe bo mkhs ps bsྟen p'o zhes m sྨྲs sm/_bྲm ze'i khྱe'u khྱod kྱis de sྐd sྨྲs so/_/bྲm ze'i 
176	khྱe'u yul dbus n 'di lྟ sྟe dper n/_bdg cg gi mkhn po dng 'dྲ b sྨྲ b'i khྱu mchog de lྟ bu dg yod dm/_shes lྡn dg yul dbus n bdg cg gi mkhn pos gng dg gi gdong du lྟ br yng 
177	mi nus p sྙn pr sྨྲ b/_sྨྲ b'i khྱu mchog de lྟ bu dg yod do/_/bྲm ze'i khྱe'u des de dg l de lྟ de lྟr yul dbus kྱi bsྔgs p brྗod p dng /_'di lྟr de dg thms cd yul dbus su 
178	'dong 'dod pr gྱur to/_/de ns bྲm ze'i khྱe'u de dg gis ym sྲeg shing dg btsl te/_ym sྲeg shing gi khur thogs ns bྲm ze de'i khྱim g l b der dong sྟe phྱin ns ym sྲeg shing gi 
179	khur mth' gcig tu bzhg sྟe/_bྲm ze de g l b der dong ns phྱin p dng /_bྲm ze de l 'di sྐd ces sྨྲs so/_/mkhn po mkhྱen pr mdzod cig__/bྲm ze'i khྱe'u 'dis ci ns kྱng bdg 
180	cg thms cd yul dbus su mchi 'tshl br gྱur p de lྟr yul dbus kྱi bsྔgs p brྗod do/_/bྲm ze sྐr rྒྱl gྱis sྨྲs p/_bu dg ji sྙed thos p de sྙed bgྲod pr bྱ b yin nm/_'di lྟr 
181	yul dg ni thos n dg' br 'gྱur b yin ps mnyn pr bྱ'i bgྲod pr ni mi bྱ'o/_/mkhn po bྲm ze'i khྱe'u 'di'i mchid ns yul dbus n bdg cg gi mkhn pos gng dg gi gdong du lྟ 
182	br yng mi nus p/_sྙn pr sྨྲ b/_sྨྲ b'i khྱu mchog de lྟ bu dg mchis so zhes mchi'o/_/bu dg ci kho bo n re s'i sྟeng n kho bo gcig pu sྨྲ b kho n yin gྱi sྨྲ b gzhn 'g' yng med do zhes zer 
183	rm/_s ni rin po che mng po 'dzin p yin ps s gzhi ni mdzes p mdzes p dg gis gng b yin no/_/mkhn po re zhig yul de yng mthong br 'gྱur zhing chu ngogs su nye rig kྱng bgྱi/_sྨྲ b'i 
184	khྱu mchog de dg l yng bsྙen bkur bgྱi/_rྒol b dg kྱng tshr gcd pr bgྱi/_rng gi gྲgs p yng bsྒྲg pr bgྱi/_rྙed p yng bsྒྲub pr bgྱis/_bdg cg yul dbus su mchi'o/_/
185	bྲm ze de sླob m l rྗes su chgs p dng bcs p dng /_'khor nyung b yin ps des bྲm ze'i khྱe'u de dg l 'di sྐd ces sྨྲs so/_/bu dg gl te de lྟ n gyng gzhi dg dng /_shing shun dg dng /_dbྱu gu 
186	dg dng /_bླugs gzr dg dng /_dgng gzr dg dng /_ril b dg long shig dng yul dbus su 'dong ngo /_/de dg gis de dg bླngs ns bྲm ze de bྲm ze'i khྱe'u de dg dng lྷn cig yul dbus su 'phgs p 
187	dng /_des rྒol b kh cig ni tshr bcd de rྒol b'i shing rྟ l sྦྱor br bྱed/_kh cig ni mgor thl b'i bum p dg gis bsྣun/_kh cig ni 'phong gi dpong sr khྭ bzhin du thg ring po ns yongs su sྤong br bྱed/
188	_kh cig ni gdugs dng /_rྒྱl mtshn dng /_b dn dg gis bsu br bྱed/_kh cig ni sླob m nyid du khs len pr bྱed cing de mthr gྱis gྲong dng /_gྲong khྱer dng /_gྲong rྡl dng /_dbྱe tshongs dng /_tshong rྡl dg tu 
189	rྒol b 'dul zhing rྒྱl po'i khb tu phྱin to/_/bྲm ze sྐr rྒྱl gྱis bsms p/_bdg gis ci'i phྱir rྩ b sྤngs te yl g dng /_'db m dng /_lo m l nyug pr bྱ/_rྒol b gng dg dng /_mkhs 
190	pr bgྲng b gng ji sྙed p de dg thms cd kྱng rྒྱl po dng nye b yin gྱis/_bdg kྱng rྒྱl po'i gn du 'gྲo'o sྙm ns bྲm ze sྐr rྒྱl rྒྱl po gzugs cn sྙing po g l b der song sྟe phྱin ns/
191	rྒྱl po gzugs cn sྙing po l rྒྱl b dng tshe sྤel b bྱs te phྱogs gcig tu 'dug go/_/phྱogs gcig tu 'dug ns rྒྱl po gzugs cn sྙing po l 'di sྐd ces sྨྲs so/_/lྷ bdg l bླ m 
192	ls yi ge nyung shs shig bླngs p mchis te/_de'i sླd du lྷ'i sྤྱn sྔr rྒol b dg dng lྷn cig bk' mchid rྣm pr gtn l dbb pr 'tshl lo/_/rྒྱl pos bླon po rྣms l sྨྲs p/_shes lྡn 
193	dg mkhn po gns len gྱi bu de gng n 'dug__/lྷ gྲong n l d n'o/_/mkhn po gns len gྱi bu de bos shig__/lྷ bod pr bgྱi'o zhes de dg gis de bos ns de rྒྱl po gzugs cn sྙing po g l b der 
194	song sྟe phྱin ns/_rྒྱl po gzugs cn sྙing po l rྒྱl b dng tshe sྤel b bྱs te phྱogs gcig tu 'dug p dng bླon po rྣms kྱis sྨྲs p/_lྷ mkhn po de 'di lgs so/_/rྒྱl pos 'ongs p legs so/_/
195	zhes bྱ b'i tshig gis kun du sྤྱd de sྨྲs p/_mkhn po khྱod kho bo'i mdun du bྲm ze sྐr rྒྱl dng lྷn cig gtm rྣm pr gtn l dbb p bྱed nus sm/_gns len gྱi bus sྨྲs p/_bdg gis rྔo 
196	thog gis rྒྱl po dgྱes pr bgྱi'o/_/rྒྱl pos bླon po rྣms l bsྒo b/_shes lྡn dg rྒol b'i dkྱil 'khor shoms shig__/phྱogs dng gzhn gྱi phྱogs dg rྣm pr zhog shig__/bླon po rྣms 
197	kྱis rྒol b'i dkྱil 'khor bshms shing phྱogs dng gzhn gྱi phྱogs dg rྣm pr bzhg go/_/de ns bླon po rྣms kྱis rྒྱl po'i rྐng p gnyis l phྱg 'tshl te sྨྲs p/_lྷ phྱogs sྔ m gng bgྱid 
198	du sྩl/_rྒྱl pos sྨྲs p/_bྲm ze sྐr rྒྱl 'di 'gྲon p yin gྱis/_'di phྱogs sྔ m bྱed du chug shig__/bྲm ze sྐr rྒྱl gྱis sྨྲs p/_lྷ bྲm ze gns len gྱi bu 'di rྒn p lgs ps 'di 
199	phྱogs sྔ m bgྱid du sྩl br gsol/_bྲm ze gns len gྱi bus bsms p/_bྲm ze sྐr rྒྱl 'di gzhung gsr l bྱed p gsl bs bdg gis 'di dng lྷn cig sྨྲ br mi nus kྱis/
200	je 'di dng lྷn cig tshig 'gྲed p zhig bྱ'o sྙm ns des rྒྱud chgs lྔ brྒྱ bzླs so/_/bྲm ze sྐr rྒྱl gྱis phྱir bzླs te/_khྱod kྱi 'di ni rigs p med p yin no/_/'di ni mi mthun p yin no/_/
201	'di ni mi 'thd p yin no zhes sྐྱon btgs p dng /_bྲm ze gns len gྱi bu cng mi sྨྲ br 'dug go_/tshr bcd p'i gns rྣms kྱi nng n 'di lྟ sྟe ln l sྤobs p med p 'di ni th chd yin no/_/rྒྱl pos 
202	bླon po rྣms l sྨྲs p/_shes lྡn dg su rྒྱl/_bྲm ze sྐr rྒྱl rྒྱl lo/_/shes lྡn dg bྲm ze sྐr rྒྱl l rྒol b'i longs sྤྱod bྱin cig_/de dg gis sྨྲs p/_lྷ gl te sྐol gྱis rྒol b 
203	mchis shing lྷgs dgu l rྒol b'i longs sྤྱod sྩl br gྱur n ring po mi thogs pr sྐol gྱi yul ang g dng m g dྷ dg rྒol b'i longs sྤྱod du 'gྱur bs/_'di lྟr gྲong n l d 'di nyid rྒol 
204	b'i longs sྤྱod kྱi b dn du bgྱis l bྲm ze gns len gྱi bu ls phྲogs te/_bྲm ze 'di l sྩl cing 'di bs kྱng ches rྒྱl b gzhn 'g' zhig mchis n yng sྐol gྱis de l sྩl br bgྱi'o/_/
205	rྒྱl pos sྨྲs p/_shes lྡn dg de bzhin gྱis shig__/de dg gis de gns len gྱi bu ls phྲogs te bྲm ze sྐr rྒྱl l bྱin no/_/gns len gྱi bus bsms p/_bdg gis rྒྱl po 'di l phn 
206	mng du btgs n rྒྱl po 'dis bdg rྗes su m bsྲungs kྱis/_bdg gzhn du 'gྲo'o sྙm ns des chung m l sྨྲs p/_bzng mo kho bos rྒྱl po 'di l phn mng du btgs n rྒྱl po 'dis kho bo 
207	rྗes su m bsྲungs kྱis kho bo gzhn du 'gྲos khྱim gྱi so nm dg sྡus shig__/des khྱim gྱi so nm dg bsྡu br brྩms p dng /_de'i nye du dg gis mkhn po gns len gྱi bu gzhn du 'gྲo'o/_/
208	zhes thos ns de dg de'i gn du song sྟe phྱin ns sྨྲs p/_mkhn po ci'i sླd du khྱim gྱi so nm dg sྡud/_des sྨྲs p/_shes lྡn dg kho bos rྒྱl po 'di l phn mng du btgs n rྒྱl po 'dis kho bo rྗes 
209	su m bsྲungs kྱis kho bo gzhn du 'gྲo'o/_/de dg gis sྨྲs p/_mkhn po khྱod gzhn du m bzhud pr re zhig nye du'i nng 'di nyid du bde br bzhugs shig__/des tshigs su bcd p sྨྲs p/_mi ni gzhn gྱi 
210	yul n gns bླ yi/_/rng gi yul n zil gnon gns p min/_/de nyid rng yul de n gnyen yng yod/_/bྲm ze sྐr rྒྱl gྱis mkhn po gns len gྱi bu gzhn du 'gྲo'o zhes thos ns de de'i gn du song sྟe 
211	phྱin ns sྨྲs p/_bdg ni bླo bur du 'ongs p yin ps ring po mi thogs p kho nr 'gྲo sྟe/_'di khྱod nyid kྱi rྒol b'i longs sྤྱod du 'gྱur gྱis gzhn du m 'gྲo br 'dug shig__/des sྨྲs p/
212	bྲm ze'i khྱe'u 'gྲo'o/_/mkhn po gl te de lྟ n gྲong 'di phྱed khྱod sྣoms shig__/phྱed bdg 'tshl lo/_/bྲm ze gns len gྱi bus bsms p/_bdg gis rྒྱl po 'di l phn mng du btgs 
213	n rྒྱl po 'dis bdg rྗes su m bsྲungs te/_'di lྟr bྲm ze sྐr rྒྱl 'dis bdg l 'di lྟ sྟe/_longs sྤྱod dg gis longs sྤྱod kྱi bgo bsh' bྱs p ni phn mng du btgs p yin gྱis/
214	'di l sh ri k de chung m'i don du sྦྱin no sྙm ns des chung m l sྨྲs p/_bzng mo kho bos rྒྱl po 'di l phn mng du btgs n rྒྱl po 'dis kho bo rྗes su m bsྲungs te/_'di lྟr bྲm ze sྐr rྒྱl 
215	'dis kho bo l 'di lྟ sྟe/_longs sྤྱod dg gis longs sྦྱod kྱi bgo bsh' bྱs p ni phn mng du btgs p yin gྱis/_'di l sh ri k de chung m'i don du sྦྱin no/_/des sྨྲs p/_bྲm ze'i 
216	khྱe'u sྟod rings l dྲi'o/_/de gnyis kྱis de bos te sྨྲs p/_bu bdg cg gis rྒྱl po 'di l phn mng du btgs n rྒྱl po 'dis bdg cg rྗes su m bsྲungs te/_'di lྟr bྲm ze sྐr rྒྱl 
217	'dis bdg cg l 'di lྟ sྟe/_longs sྤྱod dg gis longs sྤྱod kྱi bgo bsh' bྱs p ni phn mng du btgs p yin gྱis/_'di l sh ri k de chung m'i don du sྦྱin pr bྱ'o/_/des sྨྲs p/_yb yum 
218	de lྟr dgྲ bo l mdz' bshes su bgྱis n 'di lྟ sྟe/_des longs sྤྱod rྣms ls nyms pr bgྱid p'm/_thms cd kྱi thms cd du sྲog dng 'bྲl br bgྱid pr yng 'gྱur l/_des bdg cg 
219	longs sྤྱod dg ls nyms pr bgྱis n/_ci'i sླd du sྐol gྱis 'di l sh ri k mchis bྲng gi don du sྩl br bgྱi/_de gnyis kྱis sྨྲs p/_bླun po khྱod ci shes zhes de gnyis kྱis de'i tshig 
220	tshig m yin pr bྱs te sh ri k bྲm ze sྐr rྒྱl l chung m'i don du bྱin no/_/des de dpl gྱi 'bྱor p chen pos bg mr bླngs so/_/bྲm ze'i khྱe'u sྟod rings kྱis bsms p/_'di dg gis bdg 
221	brྙs pr gྱur p gng yin p de thms cd ni thos p nyung b ls gྱur p yin no sྙm ns/_'di lྟr bྲm ze sྐr rྒྱl ci zhig shes sྙm n/_'jig rྟen rྒྱng pn shes so sྙm ns des sྨྲs p/
222	shes lྡn dg 'jig rྟen rྒྱng pn shes p g l yod/_lྷo phྱogs n'o/_/de 'jig rྟen rྒྱng pn gྱi don du lྷo phྱogs su 'phgs ns de mthr gྱis lྷo phྱogs su phྱin p dng /_de der song sྟe dྲis 
223	p/_shes lྡn dg 'jig rྟen rྒྱng pn shes p su dg yin/_kun du rྒྱu dg go/_de de dg gi gn du song sྟe phྱin ns sྨྲs p/_bdg shes lྡn dg gi zhbs l sྲi zhu bgྱid pr 'tshl lo/_/
224	ci zhig gi phྱir/_'jig rྟen rྒྱng pn gzung b'i sླd du'o/_/de dg gis sྨྲs p/__kho bo cg ni khྱim p l 'jig rྟen rྒྱng pn mi sྟon to/_/des sྨྲs p/_gl te de lྟ n rb tu 'bྱung ngo /_/de dg gis de 
225	rb tu phྱung ns des bdg gis ji sྲid du 'jig rྟen rྒྱng pn m bzung b de sྲid du bdg gis sen mo mi gcd do zhes des sen mo ring po ring por bzhg ns de'i sen mo ring b ring br gྱur ps de'i ming kun du 
226	rྒྱu sen rings kun du rྒྱu sen rings shes bྱ br gྱur to/_/sh ri k yng bྲm ze sྐr rྒྱl dng lྷn cig 'gྱed pr bྱed p n sྐr rྒྱl gྱis de tshr bcd do/_/bྲm ze sྐr rྒྱl sh ri k dng lྷn cig rྩe br bྱed/
227	dg' br bྱed/_dg' mgur sྤྱod pr bྱed p n sems cn sྲid p th m p sྤྱod p tshol b/_thr p'i sྙing po bzung b/_mྱ ngn ls 'ds p l phྱogs p/_'khor b ls phྱir phྱogs p/_sྲid p'i 
228	'gྲo b thms cd du 'chi 'pho dng sྐྱe b don du mi gnyer b/_lus th m 'dzin p zhig kྱng lྷ'i ris bzng po zhig ns shi 'phos te sh ri k'i mngl du zhugs so/_/sh ri ks rྨi lm du mi lg n 
229	sྒྲon m thogs p zhig gis bdg gi dku dྲl te zhugs shing bdg ri chen po'i sྤo l 'dzeg go/_bdg sྟeng gi nm mkh' l 'gྲo'o/_/bdg l sྐྱe bo phl po che'i tshogs phྱg 'tshl lo 
230	zhes zer b rྨis so/_/rྨis ns des bྲm ze sྐr rྒྱl l sྨྲs p/_bdg gis rྨi lm 'di dng 'di lྟ bu zhig rྨis so/_/'di lྟr bྲm ze sྐr rྒྱl nyid rྨi lྟs kྱi dpྱd l mkhs p yin mod kྱi 
231	des bྲm ze rྨi lྟs kྱi dpྱd 'don p gzhn dg l sྨྲs p/_bdg gi bྲm ze mos rྨi lm 'di dng 'di lྟ bu zhig rྨis n ci l lྟ/_de dg gis sྨྲs p/_mkhn po gyr lm de bzng sྟe/
232	mi lg n sྒྲon m thogs p zhig gis bdg gi dku dྲl te zhugs shes mchi b ni bu bts' br 'gྱur zhing des lo brྒྱd gnyis kྱis dbng po'i brྡ sྤྲod p bkླgs ns rྒol b thms cd tshr 
233	gcod pr 'gྱur b l lྟ'o/_/bdg ri chen po'i sྤo l 'dzeg go/_/bdg sྟeng gi nm mkh' l 'gྲo'o/_/bdg l sྐྱe bo phl po che'i tshogs phྱg 'tshl lo zhes mchi b gng lgs p ni rb 
234	tu bྱung ns brྟul zhugs gྲub p'i bdg nyid chen por 'gྱur b l lྟ'o/_/dus gzhn zhig n bྲm ze sྐr rྒྱl sh ri k dng lྷn cig 'gྱed pr bྱed p n sh ri ks de tshr bcd ns/_des 
235	bsms p/_sྔon bdg gis 'di tshr bcd n d 'dis bdg tshr bcd p'i sྦྱor b gng yin sྙm ns des bsms p/_de ni 'di'i mthu m yin gྱi/_'di lྟr 'di'i mngl du sems cn 
236	zhugs p gng yin p de'i mthu yin no sྙm mo/_/de ns zླ b brྒྱd dm dgu 'ds te khྱe'u gzugs bzng b/_blྟ n sྡug p/_mdzes p/_gsl b/_gser gྱi mdog 'dྲ b/_mgo 
237	gdugs lྟ bu dng lྡn p/_lg p ring b/_'phྲl b'i dbྱes che b/_sྨin m 'jr b/_sྣ'i bzngs mtho b zhig btss so/_/btss ns des bྲm ze sྐr rྒྱl l sྨྲs p/_bྲm ze'i khྱe'u 'di 
238	mes po'i gn du phul n de 'di'i ming 'dogs pr 'gྱur ro/_/des mes po'i gn du khྲid p dng des khྱe'u'i ming cir gdgs shes bsms n/_bྲm ze'i khྱe'u 'di bྲm ze sྐr rྒྱl gྱi bu yin 
239	ps bྲm ze'i khྱe'u 'di'i ming nye rྒྱl du gdgs so sྙm ns de'i ming nye rྒྱl zhes bྱ br btgs so/_/bྲm ze sྐr rྒྱl gྱis sྨྲs p/_mes pos bྲm ze'i khྱe'u 'di'i ming cir btgs 
240	nye rྒྱl zhes bྱ br btgs so/_/des bsms p/_mes pos bྲm ze'i khྱe'u 'di'i ming ph ls dྲs te btgs kྱis/_bdg gis 'di'i ming m ls dྲs te gdgs so sྙm ns bྲm ze'i khྱe'u 
241	'di m sh ri k'i bu yin ps 'di'i ming shA ri'i bur gdgs so sྙm ns de'i ming shA ri'i bu zhes bྱ br btgs so/_/de n kh cig gis ni bྲm ze'i khྱe'u shA ri'i bu zhes bྱ br shes so/_/kh cig gis ni 
242	bྲm ze'i khྱe'u nye rྒྱl zhes bྱ br shes so/_/bྲm ze'i khྱe'u nye rྒྱl m m brྒྱd po png n 'tsho b'i m m gnyis dng /_nu m sྣun p'i m m gnyis dng /_dྲi m 'phྱi b'i m m gnyis dng /_rྩen gྲogs kྱi m m 
243	gnyis l rྗes su gtd do/_/de m m brྒྱd po dg gis 'o m dng /_zho dng mr dng /_zhun mr dng /_mr gྱi sྙing khu dng /_gzhn yng yo bྱd kྱi bྱe bྲg gtso bo gtso bo dg gis sྲing br bྱed/_sྐྱed pr bྱed cing rྫing n 
244	gns p'i pd m bzhin mྱur du sྐྱed pr bྱed do/_/de gng gi tshe chen po gྱur p de'i tshe yi ge dng /_gྲngs dng /_rྩis dng /_lg rྩis dng /_dbྱung b dng /_gzhug p dng /_gzhg p dng /_'bྱed p dng /_kླog p'i 
245	ph rol du son cing /_de'i tshe n bྲm ze'i sྤྱod tshul dng /_sྤྱod p dng /_gtsng sྦྲ dng /_kun tu sྤྱod p dng /_thl b bླng b dng /_bྱ m bum bླng b dng /_s bླng b dng /_lg sྟngs dng /_thor tshugs dng /_rb bsྔgs 
246	bྱ b dng /_kྱe zhes bྱ b dng /_nges brྗod kྱi rig bྱed dng /_mchod sྦྱin gྱi rig bྱed dng /_sྙn tshig gi rig bྱed dng /_sྲid sྲung gi rig bྱed dng /_bྲm ze'i ls dྲug po mchod sྦྱin bྱed p dng /_mchod sྦྱin bྱed du 'jug 
247	p dng /_kླog p dng /_kླog tu 'jug p dng /_sྦྱin p dng /_len p l mkhs p'i bྲm ze rig bྱed dng rig bྱed kྱi yn lg gi ph rol du son p/_me lྟ bu'i shes ps rng gi sྨྲ b gsl br bྱed p/
248	gzhn gྱi sྨྲ b tshr gcod nus pr gྱur to/_/des phs rig p'i gns thms cd sླob du bcug ns des lo brྒྱd gnyis kྱis dbng po'i brྡ sྤྲod p bླgs ns rྒol b thms cd tshr bcd pr gྱur 
249	to/_/de dus gzhn zhig n ph dng lྷn cig rig bྱed 'don pr bྱed p n sྨྲs p/_yb sྨྲs p 'di'i don ci lgs/_bu kho bos kྱng sྨྲs p 'di'i don mi shes te/ 'di lྟr gsng tshig gi gzhi 'di dg ni sྔon 
250	gྱi dྲng sྲong rྣms kྱis bsྟod p bsྒྲgs p yng dg pr sྦྱr b sྟe/_de dg ni d lྟr bྲm ze rྣms kྱng rྗes su sྒྲogs shing rྗes su brྗod pr bྱed do/_/yb gsng tshig gi gzhi sྔon gྱi dྲng sྲong de rྣms 
251	kྱis bsྟod p bsྒྲgs p yng dg pr sྦྱr b gng dg d lྟr bྲm ze rྣms rྗes su sྒྲogs shing rྗes su rྗod p de dg don m mchis lgs sྙm 'm/_ci 'di lྟr sྨྲs p 'di'i don ni 'di lgs so/_/
252	sྨྲs p/_'di'i don ni 'di lgs so/_/bྲm ze sྐr rྒྱl yid dg' zhing yid dg' ns bsms p/_bus bྱ b ni 'di lྟ sྟe/_ph'i gzhung sྲongs pr bྱ b 'm/_khྱd pr lྷg pr rྟogs pr bྱ b 
253	de tsm du zd n bྲm ze'i khྱe'u 'dis ni bdg ps khྱd pr lྷg pr rྟogs so sྙm ns/_de bྲm ze'i khྱe'u lྔ brྒྱ tsm bྲm ze'i gsng tshig dg kླog tu 'jug p de dg kྱng des yid dg' zhing 
254	dg' bs de nyid l gtd do/_/bྲm ze'i khྱe'u nye rྒྱl bྲm ze'i khྱe'u lྔ brྒྱ tsm bྲm ze'i gsng tshig dg kླog tu 'jug p n des rig bྱed ring po ring po gng dg yin p de dg ni thung ngur rྣm pr 
