TsUnicode|TkConsonant|TcConsonant Cg|raw=ག|span=0:1|issues=[]
TsUnicode|TkConsonant|TcConsonant Czh|raw=ཞ|span=1:2|issues=[]
TsUnicode|TkVowel|TcVowel Vo|raw=ོ|span=2:3|issues=[]
TsUnicode|TkConsonant|TcConsonant Cn|raw=ན|span=3:4|issues=[]
TsUnicode|TkPunctuation|TcPunctuation PMTsheg|raw=་|span=4:5|issues=[]
TsUnicode|TkConsonant|TcConsonant Cn|raw=ན|span=5:6|issues=[]
TsUnicode|TkVowel|TcVowel Vu|raw=ུ|span=6:7|issues=[]
TsUnicode|TkConsonant|TcConsonant C'|raw=འ|span=7:8|issues=[]
TsUnicode|TkVowel|TcVowel Vi|raw=ི|span=8:9|issues=[]
TsUnicode|TkPunctuation|TcPunctuation PMTsheg|raw=་|span=9:10|issues=[]
TsUnicode|TkConsonant|TcConsonant Cd|raw=ད|span=10:11|issues=[]
TsUnicode|TkConsonant|TcConsonant Cp|raw=པ|span=11:12|issues=[]
TsUnicode|TkVowel|TcVowel Ve|raw=ེ|span=12:13|issues=[]
TsUnicode|TkPunctuation|TcPunctuation PMTsheg|raw=་|span=13:14|issues=[]
TsUnicode|TkConsonant|TcConsonant Cch|raw=ཆ|span=14:15|issues=[]
TsUnicode|TkPunctuation|TcPunctuation PMShad|raw=།|span=15:16|issues=[]
TsUnicode|TkPunctuation|TcPunctuation PMShad|raw=།|span=16:17|issues=[]
TsUnicode|TkSpace|TcSpace SMSpace|raw= |span=17:18|issues=[]
TsUnicode|TkPunctuation|TcPunctuation PMTsheg|raw=་|span=18:19|issues=[]
TsUnicode|TkUnknown|TcUnknown (UnknownMark "x")|raw=x|span=19:20|issues=[TokenIssue {issueCode = UnknownChar, issueSeverity = TisWarning, issueMessage = "Unknown token"}]
