TsUnicode|TkConsonant|TcConsonant Ck|raw=ཀ|span=0:1|issues=[]
TsUnicode|TkVowel|TcVowel Vi|raw=ི|span=1:2|issues=[]
TsUnicode|TkVowel|TcVowel Vi|raw=ི|span=2:3|issues=[]
TsUnicode|TkSpace|TcSpace SMSpace|raw= |span=3:4|issues=[]
TsUnicode|TkConsonant|TcConsonant Ck|raw=ཀ|span=4:5|issues=[]
TsUnicode|TkUnknown|TcUnknown (UnknownMark "x")|raw=x|span=5:6|issues=[TokenIssue {issueCode = UnknownChar, issueSeverity = TisWarning, issueMessage = "Unknown token"}]
TsUnicode|TkVowel|TcVowel Vi|raw=ི|span=6:7|issues=[]
TsUnicode|TkSpace|TcSpace SMSpace|raw= |span=7:8|issues=[]
TsUnicode|TkUnknown|TcUnknown (UnknownMark "\3974")|raw=྆|span=8:9|issues=[TokenIssue {issueCode = UnknownChar, issueSeverity = TisWarning, issueMessage = "Unknown token"}]
TsUnicode|TkPunctuation|TcPunctuation PMShad|raw=།|span=9:10|issues=[]
