TsUnicode|TkSymbol|TcSymbol SMAt|raw=༄|span=0:1|issues=[]
TsUnicode|TkSymbol|TcSymbol SMHash|raw=༅|span=1:2|issues=[]
TsUnicode|TkPunctuation|TcPunctuation PMShad|raw=།|span=2:3|issues=[]
TsUnicode|TkPunctuation|TcPunctuation PMNyisShad|raw=༎|span=3:4|issues=[]
TsUnicode|TkPunctuation|TcPunctuation PMTshegShad|raw=༏|span=4:5|issues=[]
TsUnicode|TkPunctuation|TcPunctuation PMRinChenSpungsShad|raw=༑|span=5:6|issues=[]
TsUnicode|TkPunctuation|TcPunctuation PMGterTshigMgo|raw=༔|span=6:7|issues=[]
TsUnicode|TkSymbol|TcSymbol SMExclamation|raw=༈|span=7:8|issues=[]
TsUnicode|TkUnknown|TcUnknown (UnknownMark "\3849")|raw=༉|span=8:9|issues=[TokenIssue {issueCode = UnknownChar, issueSeverity = TisWarning, issueMessage = "Unknown token"}]
TsUnicode|TkUnknown|TcUnknown (UnknownMark "\3850")|raw=༊|span=9:10|issues=[TokenIssue {issueCode = UnknownChar, issueSeverity = TisWarning, issueMessage = "Unknown token"}]
TsUnicode|TkPunctuation|TcPunctuation PMTsheg|raw=་|span=10:11|issues=[]
TsUnicode|TkSpace|TcSpace SMSpace|raw= |span=11:12|issues=[]
TsUnicode|TkSymbol|TcSymbol SMLParen|raw=༼|span=12:13|issues=[]
TsUnicode|TkConsonant|TcConsonant Ck|raw=ཀ|span=13:14|issues=[]
TsUnicode|TkSymbol|TcSymbol SMRParen|raw=༽|span=14:15|issues=[]
