TsWylie|TkConsonant|TcConsonant CDPLUSh|raw=D+h|span=0:3|issues=[]
TsWylie|TkVowel|TcVowel Vo|raw=O|span=3:4|issues=[]
TsWylie|TkPunctuation|TcPunctuation PMTsheg|raw= |span=4:5|issues=[]
TsWylie|TkConsonant|TcConsonant CbPLUSh|raw=b+h|span=5:8|issues=[]
TsWylie|TkVowel|TcVowel VU|raw=U|span=8:9|issues=[]
TsWylie|TkPunctuation|TcPunctuation PMTsheg|raw= |span=9:10|issues=[]
TsWylie|TkConsonant|TcConsonant CdzPLUSh|raw=dzh|span=10:13|issues=[]
TsWylie|TkVowel|TcVowel Vai|raw=ai|span=13:15|issues=[]
TsWylie|TkPunctuation|TcPunctuation PMTsheg|raw= |span=15:16|issues=[]
TsWylie|TkConsonant|TcConsonant CSh|raw=-sh|span=16:19|issues=[]
TsWylie|TkConsonant|TcConsonant Ca|raw=a|span=19:20|issues=[]
TsWylie|TkPunctuation|TcPunctuation PMTsheg|raw= |span=20:21|issues=[]
TsWylie|TkFinal|TcFinal FMCandrabinduOrNasal|raw=~X|span=21:23|issues=[]
TsWylie|TkConsonant|TcConsonant Ca|raw=a|span=23:24|issues=[]
TsWylie|TkPunctuation|TcPunctuation PMTsheg|raw= |span=24:25|issues=[]
TsWylie|TkPunctuation|TcPunctuation PMNyisShad|raw=//|span=25:27|issues=[]
