TsWylie|TkConsonant|TcConsonant Cg|raw=g|span=0:1
TsWylie|TkConsonant|TcConsonant Czh|raw=zh|span=1:3
TsWylie|TkVowel|TcVowel Vo|raw=o|span=3:4
TsWylie|TkConsonant|TcConsonant Cn|raw=n|span=4:5
TsWylie|TkPunctuation|TcPunctuation PMTsheg|raw= |span=5:6
TsWylie|TkConsonant|TcConsonant Cn|raw=n|span=6:7
TsWylie|TkVowel|TcVowel Vu|raw=u|span=7:8
TsWylie|TkConsonant|TcConsonant C'|raw='|span=8:9
TsWylie|TkVowel|TcVowel Vi|raw=i|span=9:10
TsWylie|TkPunctuation|TcPunctuation PMTsheg|raw= |span=10:11
TsWylie|TkConsonant|TcConsonant Cd|raw=d|span=11:12
TsWylie|TkConsonant|TcConsonant Cp|raw=p|span=12:13
TsWylie|TkVowel|TcVowel Ve|raw=e|span=13:14
TsWylie|TkPunctuation|TcPunctuation PMTsheg|raw= |span=14:15
TsWylie|TkConsonant|TcConsonant Cch|raw=ch|span=15:17
TsWylie|TkConsonant|TcConsonant Ca|raw=a|span=17:18
TsWylie|TkPunctuation|TcPunctuation PMTsheg|raw= |span=18:19
TsWylie|TkPunctuation|TcPunctuation PMNyisShad|raw=//|span=19:21
TsWylie|TkPunctuation|TcPunctuation PMTsheg|raw= |span=21:22
TsWylie|TkConSpec|TcConSpec CSPlus|raw=+|span=22:23
