TsWylie|TkConsonant|TcConsonant CkPLUSSh|raw=k+Sh|span=0:4|issues=[]
TsWylie|TkConsonant|TcConsonant Cr|raw=r|span=4:5|issues=[]
TsWylie|TkConsonant|TcConsonant Ca|raw=a|span=5:6|issues=[]
TsWylie|TkPunctuation|TcPunctuation PMTsheg|raw= |span=6:7|issues=[]
TsWylie|TkConsonant|TcConsonant CdzPLUSh|raw=dz+h|span=7:11|issues=[]
TsWylie|TkConsonant|TcConsonant Ca|raw=a|span=11:12|issues=[]
TsWylie|TkPunctuation|TcPunctuation PMTsheg|raw= |span=12:13|issues=[]
TsWylie|TkConsonant|TcConsonant CDPLUSh|raw=-d+h|span=13:17|issues=[]
TsWylie|TkConsonant|TcConsonant C'|raw='|span=17:18|issues=[]
TsWylie|TkVowel|TcVowel Vi|raw=i|span=18:19|issues=[]
TsWylie|TkPunctuation|TcPunctuation PMTsheg|raw= |span=19:20|issues=[]
TsWylie|TkUnknown|TcUnknown (UnknownMark "b+l")|raw=b+l|span=20:23|issues=[TokenIssue {issueCode = UnknownChar, issueSeverity = TisWarning, issueMessage = "Unknown token"}]
TsWylie|TkVowel|TcVowel Vai|raw=ai|span=23:25|issues=[]
TsWylie|TkPunctuation|TcPunctuation PMTsheg|raw= |span=25:26|issues=[]
TsWylie|TkFinal|TcFinal FMAnusvara|raw=~M`|span=26:29|issues=[]
TsWylie|TkPunctuation|TcPunctuation PMTsheg|raw= |span=29:30|issues=[]
TsWylie|TkPunctuation|TcPunctuation PMNyisShad|raw=//|span=30:32|issues=[]
