TsWylie|TkConsonant|TcConsonant Cg|raw=g|span=0:1
TsWylie|TkConsonant|TcConsonant Czh|raw=zh|span=1:3
TsWylie|TkVowel|TcVowel Vo|raw=o|span=3:4
TsWylie|TkConsonant|TcConsonant Cn|raw=n|span=4:5
TsWylie|TkPunctuation|TcPunctuation PMTsheg|raw= |span=5:6
TsWylie|TkPunctuation|TcPunctuation PMNyisShad|raw=//|span=6:8
TsWylie|TkPunctuation|TcPunctuation PMTsheg|raw= |span=8:9
TsWylie|TkUnknown|TcUnknown (UnknownMark "~")|raw=~|span=9:10
TsWylie|TkConSpec|TcConSpec CSPlus|raw=+|span=10:11
TsWylie|TkUnknown|TcUnknown (UnknownMark "`")|raw=`|span=11:12
TsWylie|TkUnknown|TcUnknown (UnknownMark "]")|raw=]|span=12:13
TsWylie|TkUnknown|TcUnknown (UnknownMark "-")|raw=-|span=13:14
TsWylie|TkConSpec|TcConSpec CSDot|raw=.|span=14:15
TsWylie|TkPunctuation|TcPunctuation PMTsheg|raw= |span=15:16
TsWylie|TkUnknown|TcUnknown (UnknownMark "x")|raw=x|span=16:17
