TsUnicode|TkConsonant|TcConsonant Cg|raw=ག|span=0:1
TsUnicode|TkConsonant|TcConsonant Czh|raw=ཞ|span=1:2
TsUnicode|TkVowel|TcVowel Vo|raw=ོ|span=2:3
TsUnicode|TkConsonant|TcConsonant Cn|raw=ན|span=3:4
TsUnicode|TkPunctuation|TcPunctuation PMTsheg|raw=་|span=4:5
TsUnicode|TkConsonant|TcConsonant Cn|raw=ན|span=5:6
TsUnicode|TkVowel|TcVowel Vu|raw=ུ|span=6:7
TsUnicode|TkConsonant|TcConsonant C'|raw=འ|span=7:8
TsUnicode|TkVowel|TcVowel Vi|raw=ི|span=8:9
TsUnicode|TkPunctuation|TcPunctuation PMTsheg|raw=་|span=9:10
TsUnicode|TkConsonant|TcConsonant Cd|raw=ད|span=10:11
TsUnicode|TkConsonant|TcConsonant Cp|raw=པ|span=11:12
TsUnicode|TkVowel|TcVowel Ve|raw=ེ|span=12:13
TsUnicode|TkPunctuation|TcPunctuation PMTsheg|raw=་|span=13:14
TsUnicode|TkConsonant|TcConsonant Cch|raw=ཆ|span=14:15
TsUnicode|TkPunctuation|TcPunctuation PMShad|raw=།|span=15:16
TsUnicode|TkPunctuation|TcPunctuation PMShad|raw=།|span=16:17
TsUnicode|TkSpace|TcSpace SMSpace|raw= |span=17:18
TsUnicode|TkPunctuation|TcPunctuation PMTsheg|raw=་|span=18:19
TsUnicode|TkUnknown|TcUnknown (UnknownMark "x")|raw=x|span=19:20
