TsWylie|TkConsonant|TcConsonant CD|raw=D+h|span=0:3
TsWylie|TkSubConsonant|TcSubConsonant SCh|raw=|span=3:3
TsWylie|TkVowel|TcVowel VA|raw=O|span=3:4
TsWylie|TkVowel|TcVowel Vo|raw=|span=4:4
TsWylie|TkPunctuation|TcPunctuation PMTsheg|raw= |span=4:5
TsWylie|TkConsonant|TcConsonant Cb|raw=b+h|span=5:8
TsWylie|TkSubConsonant|TcSubConsonant SCh|raw=|span=8:8
TsWylie|TkVowel|TcVowel VA|raw=U|span=8:9
TsWylie|TkVowel|TcVowel Vu|raw=|span=9:9
TsWylie|TkPunctuation|TcPunctuation PMTsheg|raw= |span=9:10
TsWylie|TkConsonant|TcConsonant Cdz|raw=dzh|span=10:13
TsWylie|TkSubConsonant|TcSubConsonant SCh|raw=|span=13:13
TsWylie|TkVowel|TcVowel Vai|raw=ai|span=13:15
TsWylie|TkPunctuation|TcPunctuation PMTsheg|raw= |span=15:16
TsWylie|TkConsonant|TcConsonant CSh|raw=-sh|span=16:19
TsWylie|TkConsonant|TcConsonant Ca|raw=a|span=19:20
TsWylie|TkPunctuation|TcPunctuation PMTsheg|raw= |span=20:21
TsWylie|TkFinal|TcFinal FMCandrabinduHalanta|raw=~X|span=21:23
TsWylie|TkConsonant|TcConsonant Ca|raw=a|span=23:24
TsWylie|TkPunctuation|TcPunctuation PMTsheg|raw= |span=24:25
TsWylie|TkPunctuation|TcPunctuation PMNyisShad|raw=//|span=25:27
